Component: ARM Compiler 6.16 Tool: armlink [5dfeaa00]

==============================================================================

Section Cross References

    startup_stm32f407xx.o(STACK) refers (Special) to heapauxi.o(.text) for __use_two_region_memory
    startup_stm32f407xx.o(HEAP) refers (Special) to heapauxi.o(.text) for __use_two_region_memory
    startup_stm32f407xx.o(RESET) refers (Special) to heapauxi.o(.text) for __use_two_region_memory
    startup_stm32f407xx.o(RESET) refers to startup_stm32f407xx.o(STACK) for __initial_sp
    startup_stm32f407xx.o(RESET) refers to startup_stm32f407xx.o(.text) for Reset_Handler
    startup_stm32f407xx.o(RESET) refers to stm32f4xx_it.o(.text.NMI_Handler) for NMI_Handler
    startup_stm32f407xx.o(RESET) refers to stm32f4xx_it.o(.text.HardFault_Handler) for HardFault_Handler
    startup_stm32f407xx.o(RESET) refers to stm32f4xx_it.o(.text.MemManage_Handler) for MemManage_Handler
    startup_stm32f407xx.o(RESET) refers to stm32f4xx_it.o(.text.BusFault_Handler) for BusFault_Handler
    startup_stm32f407xx.o(RESET) refers to stm32f4xx_it.o(.text.UsageFault_Handler) for UsageFault_Handler
    startup_stm32f407xx.o(RESET) refers to port.o(.text.SVC_Handler) for SVC_Handler
    startup_stm32f407xx.o(RESET) refers to stm32f4xx_it.o(.text.DebugMon_Handler) for DebugMon_Handler
    startup_stm32f407xx.o(RESET) refers to port.o(.text.PendSV_Handler) for PendSV_Handler
    startup_stm32f407xx.o(RESET) refers to cmsis_os2.o(.text.SysTick_Handler) for SysTick_Handler
    startup_stm32f407xx.o(RESET) refers to stm32f4xx_it.o(.text.EXTI4_IRQHandler) for EXTI4_IRQHandler
    startup_stm32f407xx.o(RESET) refers to stm32f4xx_it.o(.text.TIM7_IRQHandler) for TIM7_IRQHandler
    startup_stm32f407xx.o(.text) refers (Special) to heapauxi.o(.text) for __use_two_region_memory
    startup_stm32f407xx.o(.text) refers to system_stm32f4xx.o(.text.SystemInit) for SystemInit
    startup_stm32f407xx.o(.text) refers to __main.o(!!!main) for __main
    startup_stm32f407xx.o(.text) refers to startup_stm32f407xx.o(HEAP) for Heap_Mem
    startup_stm32f407xx.o(.text) refers to startup_stm32f407xx.o(STACK) for Stack_Mem
    main.o(.text) refers (Special) to _printf_d.o(.ARM.Collect$$_printf_percent$$00000009) for _printf_d
    main.o(.text) refers (Special) to _printf_dec.o(.text) for _printf_int_dec
    main.o(.text) refers (Special) to _printf_percent.o(.ARM.Collect$$_printf_percent$$00000000) for _printf_percent
    main.o(.text.main) refers (Special) to _printf_d.o(.ARM.Collect$$_printf_percent$$00000009) for _printf_d
    main.o(.text.main) refers (Special) to _printf_dec.o(.text) for _printf_int_dec
    main.o(.text.main) refers (Special) to _printf_percent.o(.ARM.Collect$$_printf_percent$$00000000) for _printf_percent
    main.o(.text.main) refers to stm32f4xx_hal.o(.text.HAL_Init) for HAL_Init
    main.o(.text.main) refers to main.o(.text.SystemClock_Config) for SystemClock_Config
    main.o(.text.main) refers to gpio.o(.text.MX_GPIO_Init) for MX_GPIO_Init
    main.o(.text.main) refers to usart.o(.text.MX_USART1_UART_Init) for MX_USART1_UART_Init
    main.o(.text.main) refers to i2c.o(.text.MX_I2C1_Init) for MX_I2C1_Init
    main.o(.text.main) refers to spi.o(.text.MX_SPI1_Init) for MX_SPI1_Init
    main.o(.text.main) refers to cmsis_os2.o(.text.osKernelInitialize) for osKernelInitialize
    main.o(.text.main) refers to freertos.o(.text.MX_FREERTOS_Init) for MX_FREERTOS_Init
    main.o(.text.main) refers to cmsis_os2.o(.text.osKernelStart) for osKernelStart
    main.o(.text.main) refers to main.o(.bss.u_buf) for u_buf
    main.o(.text.main) refers to usart.o(.bss.huart1) for huart1
    main.o(.text.main) refers to __2sprintf.o(.text) for __2sprintf
    main.o(.text.main) refers to stm32f4xx_hal_uart.o(.text.HAL_UART_Transmit) for HAL_UART_Transmit
    main.o(.text.main) refers to stm32f4xx_hal.o(.text.HAL_Delay) for HAL_Delay
    main.o(.ARM.exidx.text.main) refers (Special) to _printf_d.o(.ARM.Collect$$_printf_percent$$00000009) for _printf_d
    main.o(.ARM.exidx.text.main) refers (Special) to _printf_dec.o(.text) for _printf_int_dec
    main.o(.ARM.exidx.text.main) refers (Special) to _printf_percent.o(.ARM.Collect$$_printf_percent$$00000000) for _printf_percent
    main.o(.ARM.exidx.text.main) refers to main.o(.text.main) for [Anonymous Symbol]
    main.o(.text.SystemClock_Config) refers (Special) to _printf_d.o(.ARM.Collect$$_printf_percent$$00000009) for _printf_d
    main.o(.text.SystemClock_Config) refers (Special) to _printf_dec.o(.text) for _printf_int_dec
    main.o(.text.SystemClock_Config) refers (Special) to _printf_percent.o(.ARM.Collect$$_printf_percent$$00000000) for _printf_percent
    main.o(.text.SystemClock_Config) refers to rt_memclr_w.o(.text) for __aeabi_memclr4
    main.o(.text.SystemClock_Config) refers to stm32f4xx_hal_rcc.o(.text.HAL_RCC_OscConfig) for HAL_RCC_OscConfig
[...]
    [Anonymous Symbol]                       0x08002f84   Section        0  tasks.o(.text.vTaskPlaceOnEventListRestricted)
    [Anonymous Symbol]                       0x08002fc4   Section        0  tasks.o(.text.vTaskStartScheduler)
    [Anonymous Symbol]                       0x08003068   Section        0  tasks.o(.text.vTaskSuspendAll)
    [Anonymous Symbol]                       0x08003078   Section        0  tasks.o(.text.vTaskSwitchContext)
    [Anonymous Symbol]                       0x08003114   Section        0  port.o(.text.xPortStartScheduler)
    [Anonymous Symbol]                       0x08003228   Section        0  port.o(.text.xPortSysTickHandler)
    [Anonymous Symbol]                       0x08003258   Section        0  queue.o(.text.xQueueCreateCountingSemaphore)
    [Anonymous Symbol]                       0x0800329c   Section        0  queue.o(.text.xQueueCreateCountingSemaphoreStatic)
    [Anonymous Symbol]                       0x080032ec   Section        0  queue.o(.text.xQueueGenericCreate)
    [Anonymous Symbol]                       0x08003334   Section        0  queue.o(.text.xQueueGenericCreateStatic)
    [Anonymous Symbol]                       0x080033cc   Section        0  queue.o(.text.xQueueGenericReset)
    [Anonymous Symbol]                       0x0800344c   Section        0  queue.o(.text.xQueueGenericSend)
    [Anonymous Symbol]                       0x080035f0   Section        0  queue.o(.text.xQueueGenericSendFromISR)
    [Anonymous Symbol]                       0x080036c0   Section        0  queue.o(.text.xQueueReceive)
    [Anonymous Symbol]                       0x08003844   Section        0  tasks.o(.text.xTaskCheckForTimeOut)
    [Anonymous Symbol]                       0x080038cc   Section        0  tasks.o(.text.xTaskCreate)
    [Anonymous Symbol]                       0x08003934   Section        0  tasks.o(.text.xTaskCreateStatic)
    [Anonymous Symbol]                       0x080039ac   Section        0  tasks.o(.text.xTaskGetSchedulerState)
    [Anonymous Symbol]                       0x080039d4   Section        0  tasks.o(.text.xTaskGetTickCount)
    [Anonymous Symbol]                       0x080039e0   Section        0  tasks.o(.text.xTaskIncrementTick)
    [Anonymous Symbol]                       0x08003b34   Section        0  tasks.o(.text.xTaskPriorityDisinherit)
    [Anonymous Symbol]                       0x08003bc8   Section        0  tasks.o(.text.xTaskRemoveFromEventList)
    [Anonymous Symbol]                       0x08003c58   Section        0  tasks.o(.text.xTaskResumeAll)
    [Anonymous Symbol]                       0x08003d6c   Section        0  timers.o(.text.xTimerCreateTimerTask)
    [Anonymous Symbol]                       0x08003de0   Section        0  timers.o(.text.xTimerGenericCommand)
    $v0                                      0x08003e48   Number         0  fpinit.o(x$fpl$fpinit)
    x$fpl$fpinit                             0x08003e48   Section       26  fpinit.o(x$fpl$fpinit)
    [Anonymous Symbol]                       0x08003ec4   Section        0  freertos.o(.rodata.str1.1)
    uxCriticalNesting                        0x2000000c   Data           4  port.o(.data.uxCriticalNesting)
    [Anonymous Symbol]                       0x2000000c   Section        0  port.o(.data.uxCriticalNesting)
    .bss                                     0x20000010   Section       96  libspace.o(.bss)
    KernelState                              0x20000070   Data           4  cmsis_os2.o(.bss.KernelState)
    [Anonymous Symbol]                       0x20000070   Section        0  cmsis_os2.o(.bss.KernelState)
    prvCheckForValidListAndQueue.ucStaticTimerQueueStorage 0x200001b4   Data         160  timers.o(.bss.prvCheckForValidListAndQueue.ucStaticTimerQueueStorage)
    [Anonymous Symbol]                       0x200001b4   Section        0  timers.o(.bss.prvCheckForValidListAndQueue.ucStaticTimerQueueStorage)
    prvCheckForValidListAndQueue.xStaticTimerQueue 0x20000254   Data          80  timers.o(.bss.prvCheckForValidListAndQueue.xStaticTimerQueue)
    [Anonymous Symbol]                       0x20000254   Section        0  timers.o(.bss.prvCheckForValidListAndQueue.xStaticTimerQueue)
    prvSampleTimeNow.xLastTime               0x200002a4   Data           4  timers.o(.bss.prvSampleTimeNow.xLastTime)
    [Anonymous Symbol]                       0x200002a4   Section        0  timers.o(.bss.prvSampleTimeNow.xLastTime)
    pxCurrentTimerList                       0x200002ac   Data           4  timers.o(.bss.pxCurrentTimerList)
    [Anonymous Symbol]                       0x200002ac   Section        0  timers.o(.bss.pxCurrentTimerList)
    pxDelayedTaskList                        0x200002b0   Data           4  tasks.o(.bss.pxDelayedTaskList)
    [Anonymous Symbol]                       0x200002b0   Section        0  tasks.o(.bss.pxDelayedTaskList)
    pxEnd                                    0x200002b4   Data           4  heap_4.o(.bss.pxEnd)
    [Anonymous Symbol]                       0x200002b4   Section        0  heap_4.o(.bss.pxEnd)
    pxOverflowDelayedTaskList                0x200002b8   Data           4  tasks.o(.bss.pxOverflowDelayedTaskList)
    [Anonymous Symbol]                       0x200002b8   Section        0  tasks.o(.bss.pxOverflowDelayedTaskList)
    pxOverflowTimerList                      0x200002bc   Data           4  timers.o(.bss.pxOverflowTimerList)
    [Anonymous Symbol]                       0x200002bc   Section        0  timers.o(.bss.pxOverflowTimerList)
    pxReadyTasksLists                        0x200002c0   Data        1120  tasks.o(.bss.pxReadyTasksLists)
    [Anonymous Symbol]                       0x200002c0   Section        0  tasks.o(.bss.pxReadyTasksLists)
    ucHeap                                   0x20000820   Data       15360  heap_4.o(.bss.ucHeap)
    [Anonymous Symbol]                       0x20000820   Section        0  heap_4.o(.bss.ucHeap)
    ucMaxSysCallPriority                     0x20004420   Data           1  port.o(.bss.ucMaxSysCallPriority)
    [Anonymous Symbol]                       0x20004420   Section        0  port.o(.bss.ucMaxSysCallPriority)
    ulMaxPRIGROUPValue                       0x20004424   Data           4  port.o(.bss.ulMaxPRIGROUPValue)
    [Anonymous Symbol]                       0x20004424   Section        0  port.o(.bss.ulMaxPRIGROUPValue)
    uxCurrentNumberOfTasks                   0x2000442c   Data           4  tasks.o(.bss.uxCurrentNumberOfTasks)
    [Anonymous Symbol]                       0x2000442c   Section        0  tasks.o(.bss.uxCurrentNumberOfTasks)
    uxDeletedTasksWaitingCleanUp             0x20004430   Data           4  tasks.o(.bss.uxDeletedTasksWaitingCleanUp)
    [Anonymous Symbol]                       0x20004430   Section        0  tasks.o(.bss.uxDeletedTasksWaitingCleanUp)
    uxSchedulerSuspended                     0x20004434   Data           4  tasks.o(.bss.uxSchedulerSuspended)
    [Anonymous Symbol]                       0x20004434   Section        0  tasks.o(.bss.uxSchedulerSuspended)
    uxTaskNumber                             0x20004438   Data           4  tasks.o(.bss.uxTaskNumber)
    [Anonymous Symbol]                       0x20004438   Section        0  tasks.o(.bss.uxTaskNumber)
    uxTopReadyPriority                       0x2000443c   Data           4  tasks.o(.bss.uxTopReadyPriority)
    [Anonymous Symbol]                       0x2000443c   Section        0  tasks.o(.bss.uxTopReadyPriority)
    vApplicationGetIdleTaskMemory.Idle_Stack 0x20004440   Data         512  cmsis_os2.o(.bss.vApplicationGetIdleTaskMemory.Idle_Stack)
    [Anonymous Symbol]                       0x20004440   Section        0  cmsis_os2.o(.bss.vApplicationGetIdleTaskMemory.Idle_Stack)
    vApplicationGetIdleTaskMemory.Idle_TCB   0x20004640   Data          92  cmsis_os2.o(.bss.vApplicationGetIdleTaskMemory.Idle_TCB)
    [Anonymous Symbol]                       0x20004640   Section        0  cmsis_os2.o(.bss.vApplicationGetIdleTaskMemory.Idle_TCB)
    vApplicationGetTimerTaskMemory.Timer_Stack 0x2000469c   Data        1024  cmsis_os2.o(.bss.vApplicationGetTimerTaskMemory.Timer_Stack)
    [Anonymous Symbol]                       0x2000469c   Section        0  cmsis_os2.o(.bss.vApplicationGetTimerTaskMemory.Timer_Stack)
    vApplicationGetTimerTaskMemory.Timer_TCB 0x20004a9c   Data          92  cmsis_os2.o(.bss.vApplicationGetTimerTaskMemory.Timer_TCB)
    [Anonymous Symbol]                       0x20004a9c   Section        0  cmsis_os2.o(.bss.vApplicationGetTimerTaskMemory.Timer_TCB)
    xActiveTimerList1                        0x20004af8   Data          20  timers.o(.bss.xActiveTimerList1)
    [Anonymous Symbol]                       0x20004af8   Section        0  timers.o(.bss.xActiveTimerList1)
    xActiveTimerList2                        0x20004b0c   Data          20  timers.o(.bss.xActiveTimerList2)
    [Anonymous Symbol]                       0x20004b0c   Section        0  timers.o(.bss.xActiveTimerList2)
    xBlockAllocatedBit                       0x20004b20   Data           1  heap_4.o(.bss.xBlockAllocatedBit)
    [Anonymous Symbol]                       0x20004b20   Section        0  heap_4.o(.bss.xBlockAllocatedBit)
    xDelayedTaskList1                        0x20004b24   Data          20  tasks.o(.bss.xDelayedTaskList1)
    [Anonymous Symbol]                       0x20004b24   Section        0  tasks.o(.bss.xDelayedTaskList1)
    xDelayedTaskList2                        0x20004b38   Data          20  tasks.o(.bss.xDelayedTaskList2)
    [Anonymous Symbol]                       0x20004b38   Section        0  tasks.o(.bss.xDelayedTaskList2)
    xFreeBytesRemaining                      0x20004b4c   Data           4  heap_4.o(.bss.xFreeBytesRemaining)
    [Anonymous Symbol]                       0x20004b4c   Section        0  heap_4.o(.bss.xFreeBytesRemaining)
    xIdleTaskHandle                          0x20004b50   Data           4  tasks.o(.bss.xIdleTaskHandle)
    [Anonymous Symbol]                       0x20004b50   Section        0  tasks.o(.bss.xIdleTaskHandle)
    xMinimumEverFreeBytesRemaining           0x20004b54   Data           4  heap_4.o(.bss.xMinimumEverFreeBytesRemaining)
    [Anonymous Symbol]                       0x20004b54   Section        0  heap_4.o(.bss.xMinimumEverFreeBytesRemaining)
    xNextTaskUnblockTime                     0x20004b58   Data           4  tasks.o(.bss.xNextTaskUnblockTime)
    [Anonymous Symbol]                       0x20004b58   Section        0  tasks.o(.bss.xNextTaskUnblockTime)
    xNumOfOverflows                          0x20004b5c   Data           4  tasks.o(.bss.xNumOfOverflows)
    [Anonymous Symbol]                       0x20004b5c   Section        0  tasks.o(.bss.xNumOfOverflows)
    xNumberOfSuccessfulAllocations           0x20004b60   Data           4  heap_4.o(.bss.xNumberOfSuccessfulAllocations)
    [Anonymous Symbol]                       0x20004b60   Section        0  heap_4.o(.bss.xNumberOfSuccessfulAllocations)
    xNumberOfSuccessfulFrees                 0x20004b64   Data           4  heap_4.o(.bss.xNumberOfSuccessfulFrees)
    [Anonymous Symbol]                       0x20004b64   Section        0  heap_4.o(.bss.xNumberOfSuccessfulFrees)
    xPendedTicks                             0x20004b68   Data           4  tasks.o(.bss.xPendedTicks)
    [Anonymous Symbol]                       0x20004b68   Section        0  tasks.o(.bss.xPendedTicks)
    xPendingReadyList                        0x20004b6c   Data          20  tasks.o(.bss.xPendingReadyList)
    [Anonymous Symbol]                       0x20004b6c   Section        0  tasks.o(.bss.xPendingReadyList)
    xSchedulerRunning                        0x20004bc0   Data           4  tasks.o(.bss.xSchedulerRunning)
    [Anonymous Symbol]                       0x20004bc0   Section        0  tasks.o(.bss.xSchedulerRunning)
    xStart                                   0x20004bc4   Data           8  heap_4.o(.bss.xStart)
    [Anonymous Symbol]                       0x20004bc4   Section        0  heap_4.o(.bss.xStart)
    xSuspendedTaskList                       0x20004bcc   Data          20  tasks.o(.bss.xSuspendedTaskList)
    [Anonymous Symbol]                       0x20004bcc   Section        0  tasks.o(.bss.xSuspendedTaskList)
    xTasksWaitingTermination                 0x20004be0   Data          20  tasks.o(.bss.xTasksWaitingTermination)
    [Anonymous Symbol]                       0x20004be0   Section        0  tasks.o(.bss.xTasksWaitingTermination)
    xTickCount                               0x20004bf4   Data           4  tasks.o(.bss.xTickCount)
    [Anonymous Symbol]                       0x20004bf4   Section        0  tasks.o(.bss.xTickCount)
    xTimerQueue                              0x20004bf8   Data           4  timers.o(.bss.xTimerQueue)
    [Anonymous Symbol]                       0x20004bf8   Section        0  timers.o(.bss.xTimerQueue)
    xTimerTaskHandle                         0x20004bfc   Data           4  timers.o(.bss.xTimerTaskHandle)
    [Anonymous Symbol]                       0x20004bfc   Section        0  timers.o(.bss.xTimerTaskHandle)
    xYieldPending                            0x20004c00   Data           4  tasks.o(.bss.xYieldPending)
    [Anonymous Symbol]                       0x20004c00   Section        0  tasks.o(.bss.xYieldPending)
    Heap_Mem                                 0x20004c08   Data        1536  startup_stm32f407xx.o(HEAP)
    HEAP                                     0x20004c08   Section     1536  startup_stm32f407xx.o(HEAP)
    Stack_Mem                                0x20005208   Data        1536  startup_stm32f407xx.o(STACK)
    STACK                                    0x20005208   Section     1536  startup_stm32f407xx.o(STACK)
    __initial_sp                             0x20005808   Data           0  startup_stm32f407xx.o(STACK)

    Global Symbols

    Symbol Name                              Value     Ov Type        Size  Object(Section)

    BuildAttributes$$THM_ISAv4$E$P$D$K$B$S$7EM$VFPi3$EXTD16$VFPS$VFMA$PE$A:L22UL41UL21$X:L11$S22US41US21$IEEE1$IW$~IW$USESV6$~STKCKD$USESV7$~SHL$OTIME$ROPI$EBA8$UX$STANDARDLIB$REQ8$PRES8$EABIv2 0x00000000   Number         0  anon$$obj.o ABSOLUTE
    _printf_flags                            0x00000000   Number         0  printf_stubs.o ABSOLUTE
    _printf_return_value                     0x00000000   Number         0  printf_stubs.o ABSOLUTE
    _printf_sizespec                         0x00000000   Number         0  printf_stubs.o ABSOLUTE
    _printf_widthprec                        0x00000000   Number         0  printf_stubs.o ABSOLUTE
    __ARM_exceptions_init                     - Undefined Weak Reference
    __alloca_initialize                       - Undefined Weak Reference
    __arm_preinit_                            - Undefined Weak Reference
    __cpp_initialize__aeabi_                  - Undefined Weak Reference
    __cxa_finalize                            - Undefined Weak Reference
    __rt_locale                               - Undefined Weak Reference
    __sigvec_lookup                           - Undefined Weak Reference
    _atexit_init                              - Undefined Weak Reference
    _call_atexit_fns                          - Undefined Weak Reference
    _clock_init                               - Undefined Weak Reference
    _fp_trap_init                             - Undefined Weak Reference
    _fp_trap_shutdown                         - Undefined Weak Reference
    _get_lc_collate                           - Undefined Weak Reference
    _get_lc_ctype                             - Undefined Weak Reference
    _get_lc_monetary                          - Undefined Weak Reference
    _get_lc_numeric                           - Undefined Weak Reference
    _get_lc_time                              - Undefined Weak Reference
    _getenv_init                              - Undefined Weak Reference
    _handle_redirection                       - Undefined Weak Reference
    _init_alloc                               - Undefined Weak Reference
    _init_user_alloc                          - Undefined Weak Reference
    _initio                                   - Undefined Weak Reference
    _printf_post_padding                      - Undefined Weak Reference
    _printf_pre_padding                       - Undefined Weak Reference
    _printf_truncate_signed                   - Undefined Weak Reference
    _printf_truncate_unsigned                 - Undefined Weak Reference
    _rand_init                                - Undefined Weak Reference
    _signal_finish                            - Undefined Weak Reference
    _signal_init                              - Undefined Weak Reference
    _terminate_alloc                          - Undefined Weak Reference
    _terminate_user_alloc                     - Undefined Weak Reference
    _terminateio                              - Undefined Weak Reference
    __Vectors_Size                           0x00000188   Number         0  startup_stm32f407xx.o ABSOLUTE
    __Vectors                                0x08000000   Data           4  startup_stm32f407xx.o(RESET)
    __Vectors_End                            0x08000188   Data           0  startup_stm32f407xx.o(RESET)
    __main                                   0x08000189   Thumb Code     8  __main.o(!!!main)
    __scatterload                            0x08000191   Thumb Code     0  __scatter.o(!!!scatter)
    __scatterload_rt2                        0x08000191   Thumb Code    44  __scatter.o(!!!scatter)
    __scatterload_rt2_thumb_only             0x08000191   Thumb Code     0  __scatter.o(!!!scatter)
    __scatterload_null                       0x0800019f   Thumb Code     0  __scatter.o(!!!scatter)
    __scatterload_copy                       0x080001c5   Thumb Code    26  __scatter_copy.o(!!handler_copy)
    __scatterload_zeroinit                   0x080001e1   Thumb Code    28  __scatter_zi.o(!!handler_zi)
    _printf_d                                0x080001fd   Thumb Code     0  _printf_d.o(.ARM.Collect$$_printf_percent$$00000009)
    _printf_percent                          0x080001fd   Thumb Code     0  _printf_percent.o(.ARM.Collect$$_printf_percent$$00000000)
    _printf_percent_end                      0x08000203   Thumb Code     0  _printf_percent_end.o(.ARM.Collect$$_printf_percent$$00000017)
    __rt_lib_init                            0x08000207   Thumb Code     0  libinit.o(.ARM.Collect$$libinit$$00000000)
    __rt_lib_init_fp_1                       0x08000209   Thumb Code     0  libinit2.o(.ARM.Collect$$libinit$$00000001)
    __rt_lib_init_alloca_1                   0x0800020d   Thumb Code     0  libinit2.o(.ARM.Collect$$libinit$$0000002E)
    __rt_lib_init_argv_1                     0x0800020d   Thumb Code     0  libinit2.o(.ARM.Collect$$libinit$$0000002C)
    __rt_lib_init_atexit_1                   0x0800020d   Thumb Code     0  libinit2.o(.ARM.Collect$$libinit$$0000001B)
    __rt_lib_init_clock_1                    0x0800020d   Thumb Code     0  libinit2.o(.ARM.Collect$$libinit$$00000021)
    __rt_lib_init_cpp_1                      0x0800020d   Thumb Code     0  libinit2.o(.ARM.Collect$$libinit$$00000032)
    __rt_lib_init_exceptions_1               0x0800020d   Thumb Code     0  libinit2.o(.ARM.Collect$$libinit$$00000030)
    __rt_lib_init_fp_trap_1                  0x0800020d   Thumb Code     0  libinit2.o(.ARM.Collect$$libinit$$0000001F)
    __rt_lib_init_getenv_1                   0x0800020d   Thumb Code     0  libinit2.o(.ARM.Collect$$libinit$$00000023)
    __rt_lib_init_heap_1                     0x0800020d   Thumb Code     0  libinit2.o(.ARM.Collect$$libinit$$0000000A)
    __rt_lib_init_lc_collate_1               0x0800020d   Thumb Code     0  libinit2.o(.ARM.Collect$$libinit$$00000011)
    __rt_lib_init_lc_ctype_1                 0x0800020d   Thumb Code     0  libinit2.o(.ARM.Collect$$libinit$$00000013)
    __rt_lib_init_lc_monetary_1              0x0800020d   Thumb Code     0  libinit2.o(.ARM.Collect$$libinit$$00000015)
    __rt_lib_init_lc_numeric_1               0x0800020d   Thumb Code     0  libinit2.o(.ARM.Collect$$libinit$$00000017)
    __rt_lib_init_lc_time_1                  0x0800020d   Thumb Code     0  libinit2.o(.ARM.Collect$$libinit$$00000019)
    __rt_lib_init_preinit_1                  0x0800020d   Thumb Code     0  libinit2.o(.ARM.Collect$$libinit$$00000004)
    __rt_lib_init_rand_1                     0x0800020d   Thumb Code     0  libinit2.o(.ARM.Collect$$libinit$$0000000E)
    __rt_lib_init_return                     0x0800020d   Thumb Code     0  libinit2.o(.ARM.Collect$$libinit$$00000033)
    __rt_lib_init_signal_1                   0x0800020d   Thumb Code     0  libinit2.o(.ARM.Collect$$libinit$$0000001D)
    __rt_lib_init_stdio_1                    0x0800020d   Thumb Code     0  libinit2.o(.ARM.Collect$$libinit$$00000025)
    __rt_lib_init_user_alloc_1               0x0800020d   Thumb Code     0  libinit2.o(.ARM.Collect$$libinit$$0000000C)
    __rt_lib_shutdown                        0x0800020f   Thumb Code     0  libshutdown.o(.ARM.Collect$$libshutdown$$00000000)
    __rt_lib_shutdown_cpp_1                  0x08000211   Thumb Code     0  libshutdown2.o(.ARM.Collect$$libshutdown$$00000002)
    __rt_lib_shutdown_fp_trap_1              0x08000211   Thumb Code     0  libshutdown2.o(.ARM.Collect$$libshutdown$$00000007)
    __rt_lib_shutdown_heap_1                 0x08000211   Thumb Code     0  libshutdown2.o(.ARM.Collect$$libshutdown$$0000000F)
    __rt_lib_shutdown_return                 0x08000211   Thumb Code     0  libshutdown2.o(.ARM.Collect$$libshutdown$$00000010)
    __rt_lib_shutdown_signal_1               0x08000211   Thumb Code     0  libshutdown2.o(.ARM.Collect$$libshutdown$$0000000A)
    __rt_lib_shutdown_stdio_1                0x08000211   Thumb Code     0  libshutdown2.o(.ARM.Collect$$libshutdown$$00000004)
    __rt_lib_shutdown_user_alloc_1           0x08000211   Thumb Code     0  libshutdown2.o(.ARM.Collect$$libshutdown$$0000000C)
    __rt_entry                               0x08000213   Thumb Code     0  __rtentry.o(.ARM.Collect$$rtentry$$00000000)
    __rt_entry_presh_1                       0x08000213   Thumb Code     0  __rtentry2.o(.ARM.Collect$$rtentry$$00000002)
    __rt_entry_sh                            0x08000213   Thumb Code     0  __rtentry4.o(.ARM.Collect$$rtentry$$00000004)
    __rt_entry_li                            0x08000219   Thumb Code     0  __rtentry2.o(.ARM.Collect$$rtentry$$0000000A)
    __rt_entry_postsh_1                      0x08000219   Thumb Code     0  __rtentry2.o(.ARM.Collect$$rtentry$$00000009)
    __rt_entry_main                          0x0800021d   Thumb Code     0  __rtentry2.o(.ARM.Collect$$rtentry$$0000000D)
    __rt_entry_postli_1                      0x0800021d   Thumb Code     0  __rtentry2.o(.ARM.Collect$$rtentry$$0000000C)
    __rt_exit                                0x08000225   Thumb Code     0  rtexit.o(.ARM.Collect$$rtexit$$00000000)
    __rt_exit_ls                             0x08000227   Thumb Code     0  rtexit2.o(.ARM.Collect$$rtexit$$00000003)
    __rt_exit_prels_1                        0x08000227   Thumb Code     0  rtexit2.o(.ARM.Collect$$rtexit$$00000002)
    __rt_exit_exit                           0x0800022b   Thumb Code     0  rtexit2.o(.ARM.Collect$$rtexit$$00000004)
    Reset_Handler                            0x08000231   Thumb Code     8  startup_stm32f407xx.o(.text)
    ADC_IRQHandler                           0x0800024b   Thumb Code     0  startup_stm32f407xx.o(.text)
    CAN1_RX0_IRQHandler                      0x0800024b   Thumb Code     0  startup_stm32f407xx.o(.text)
    CAN1_RX1_IRQHandler                      0x0800024b   Thumb Code     0  startup_stm32f407xx.o(.text)
    CAN1_SCE_IRQHandler                      0x0800024b   Thumb Code     0  startup_stm32f407xx.o(.text)
    CAN1_TX_IRQHandler                       0x0800024b   Thumb Code     0  startup_stm32f407xx.o(.text)
    CAN2_RX0_IRQHandler                      0x0800024b   Thumb Code     0  startup_stm32f407xx.o(.text)
    CAN2_RX1_IRQHandler                      0x0800024b   Thumb Code     0  startup_stm32f407xx.o(.text)
    CAN2_SCE_IRQHandler                      0x0800024b   Thumb Code     0  startup_stm32f407xx.o(.text)
    CAN2_TX_IRQHandler                       0x0800024b   Thumb Code     0  startup_stm32f407xx.o(.text)
    DCMI_IRQHandler                          0x0800024b   Thumb Code     0  startup_stm32f407xx.o(.text)
    DMA1_Stream0_IRQHandler                  0x0800024b   Thumb Code     0  startup_stm32f407xx.o(.text)
    DMA1_Stream1_IRQHandler                  0x0800024b   Thumb Code     0  startup_stm32f407xx.o(.text)
    DMA1_Stream2_IRQHandler                  0x0800024b   Thumb Code     0  startup_stm32f407xx.o(.text)
    DMA1_Stream3_IRQHandler                  0x0800024b   Thumb Code     0  startup_stm32f407xx.o(.text)
    DMA1_Stream4_IRQHandler                  0x0800024b   Thumb Code     0  startup_stm32f407xx.o(.text)
    DMA1_Stream5_IRQHandler                  0x0800024b   Thumb Code     0  startup_stm32f407xx.o(.text)
    DMA1_Stream6_IRQHandler                  0x0800024b   Thumb Code     0  startup_stm32f407xx.o(.text)
    DMA1_Stream7_IRQHandler                  0x0800024b   Thumb Code     0  startup_stm32f407xx.o(.text)
    DMA2_Stream0_IRQHandler                  0x0800024b   Thumb Code     0  startup_stm32f407xx.o(.text)
    DMA2_Stream1_IRQHandler                  0x0800024b   Thumb Code     0  startup_stm32f407xx.o(.text)
    DMA2_Stream2_IRQHandler                  0x0800024b   Thumb Code     0  startup_stm32f407xx.o(.text)
    DMA2_Stream3_IRQHandler                  0x0800024b   Thumb Code     0  startup_stm32f407xx.o(.text)
    DMA2_Stream4_IRQHandler                  0x0800024b   Thumb Code     0  startup_stm32f407xx.o(.text)
    DMA2_Stream5_IRQHandler                  0x0800024b   Thumb Code     0  startup_stm32f407xx.o(.text)
    DMA2_Stream6_IRQHandler                  0x0800024b   Thumb Code     0  startup_stm32f407xx.o(.text)
    DMA2_Stream7_IRQHandler                  0x0800024b   Thumb Code     0  startup_stm32f407xx.o(.text)
    ETH_IRQHandler                           0x0800024b   Thumb Code     0  startup_stm32f407xx.o(.text)
    ETH_WKUP_IRQHandler                      0x0800024b   Thumb Code     0  startup_stm32f407xx.o(.text)
    EXTI0_IRQHandler                         0x0800024b   Thumb Code     0  startup_stm32f407xx.o(.text)
    EXTI15_10_IRQHandler                     0x0800024b   Thumb Code     0  startup_stm32f407xx.o(.text)
    EXTI1_IRQHandler                         0x0800024b   Thumb Code     0  startup_stm32f407xx.o(.text)
    EXTI2_IRQHandler                         0x0800024b   Thumb Code     0  startup_stm32f407xx.o(.text)
    EXTI3_IRQHandler                         0x0800024b   Thumb Code     0  startup_stm32f407xx.o(.text)
    EXTI9_5_IRQHandler                       0x0800024b   Thumb Code     0  startup_stm32f407xx.o(.text)
    FLASH_IRQHandler                         0x0800024b   Thumb Code     0  startup_stm32f407xx.o(.text)
    FMC_IRQHandler                           0x0800024b   Thumb Code     0  startup_stm32f407xx.o(.text)
    FPU_IRQHandler                           0x0800024b   Thumb Code     0  startup_stm32f407xx.o(.text)
    HASH_RNG_IRQHandler                      0x0800024b   Thumb Code     0  startup_stm32f407xx.o(.text)
    I2C1_ER_IRQHandler                       0x0800024b   Thumb Code     0  startup_stm32f407xx.o(.text)
    I2C1_EV_IRQHandler                       0x0800024b   Thumb Code     0  startup_stm32f407xx.o(.text)
    I2C2_ER_IRQHandler                       0x0800024b   Thumb Code     0  startup_stm32f407xx.o(.text)
    I2C2_EV_IRQHandler                       0x0800024b   Thumb Code     0  startup_stm32f407xx.o(.text)
    I2C3_ER_IRQHandler                       0x0800024b   Thumb Code     0  startup_stm32f407xx.o(.text)
    I2C3_EV_IRQHandler                       0x0800024b   Thumb Code     0  startup_stm32f407xx.o(.text)
    OTG_FS_IRQHandler                        0x0800024b   Thumb Code     0  startup_stm32f407xx.o(.text)
    OTG_FS_WKUP_IRQHandler                   0x0800024b   Thumb Code     0  startup_stm32f407xx.o(.text)
    OTG_HS_EP1_IN_IRQHandler                 0x0800024b   Thumb Code     0  startup_stm32f407xx.o(.text)
    OTG_HS_EP1_OUT_IRQHandler                0x0800024b   Thumb Code     0  startup_stm32f407xx.o(.text)
    OTG_HS_IRQHandler                        0x0800024b   Thumb Code     0  startup_stm32f407xx.o(.text)
    OTG_HS_WKUP_IRQHandler                   0x0800024b   Thumb Code     0  startup_stm32f407xx.o(.text)
    PVD_IRQHandler                           0x0800024b   Thumb Code     0  startup_stm32f407xx.o(.text)
    RCC_IRQHandler                           0x0800024b   Thumb Code     0  startup_stm32f407xx.o(.text)
    RTC_Alarm_IRQHandler                     0x0800024b   Thumb Code     0  startup_stm32f407xx.o(.text)
    RTC_WKUP_IRQHandler                      0x0800024b   Thumb Code     0  startup_stm32f407xx.o(.text)
    SDIO_IRQHandler                          0x0800024b   Thumb Code     0  startup_stm32f407xx.o(.text)
    SPI1_IRQHandler                          0x0800024b   Thumb Code     0  startup_stm32f407xx.o(.text)
    SPI2_IRQHandler                          0x0800024b   Thumb Code     0  startup_stm32f407xx.o(.text)
    SPI3_IRQHandler                          0x0800024b   Thumb Code     0  startup_stm32f407xx.o(.text)
    TAMP_STAMP_IRQHandler                    0x0800024b   Thumb Code     0  startup_stm32f407xx.o(.text)
    TIM1_BRK_TIM9_IRQHandler                 0x0800024b   Thumb Code     0  startup_stm32f407xx.o(.text)
    TIM1_CC_IRQHandler                       0x0800024b   Thumb Code     0  startup_stm32f407xx.o(.text)
    TIM1_TRG_COM_TIM11_IRQHandler            0x0800024b   Thumb Code     0  startup_stm32f407xx.o(.text)
    TIM1_UP_TIM10_IRQHandler                 0x0800024b   Thumb Code     0  startup_stm32f407xx.o(.text)
    TIM2_IRQHandler                          0x0800024b   Thumb Code     0  startup_stm32f407xx.o(.text)
    TIM3_IRQHandler                          0x0800024b   Thumb Code     0  startup_stm32f407xx.o(.text)
    TIM4_IRQHandler                          0x0800024b   Thumb Code     0  startup_stm32f407xx.o(.text)
    TIM5_IRQHandler                          0x0800024b   Thumb Code     0  startup_stm32f407xx.o(.text)
    TIM6_DAC_IRQHandler                      0x0800024b   Thumb Code     0  startup_stm32f407xx.o(.text)
    TIM8_BRK_TIM12_IRQHandler                0x0800024b   Thumb Code     0  startup_stm32f407xx.o(.text)
    TIM8_CC_IRQHandler                       0x0800024b   Thumb Code     0  startup_stm32f407xx.o(.text)
    TIM8_TRG_COM_TIM14_IRQHandler            0x0800024b   Thumb Code     0  startup_stm32f407xx.o(.text)
    TIM8_UP_TIM13_IRQHandler                 0x0800024b   Thumb Code     0  startup_stm32f407xx.o(.text)
    UART4_IRQHandler                         0x0800024b   Thumb Code     0  startup_stm32f407xx.o(.text)
    UART5_IRQHandler                         0x0800024b   Thumb Code     0  startup_stm32f407xx.o(.text)
    USART1_IRQHandler                        0x0800024b   Thumb Code     0  startup_stm32f407xx.o(.text)
    USART2_IRQHandler                        0x0800024b   Thumb Code     0  startup_stm32f407xx.o(.text)
    USART3_IRQHandler                        0x0800024b   Thumb Code     0  startup_stm32f407xx.o(.text)
    USART6_IRQHandler                        0x0800024b   Thumb Code     0  startup_stm32f407xx.o(.text)
    WWDG_IRQHandler                          0x0800024b   Thumb Code     0  startup_stm32f407xx.o(.text)
    __user_initial_stackheap                 0x0800024d   Thumb Code     0  startup_stm32f407xx.o(.text)
    __aeabi_uldivmod                         0x08000271   Thumb Code     0  lludivv7m.o(.text)
    _ll_udiv                                 0x08000271   Thumb Code   240  lludivv7m.o(.text)
    __2sprintf                               0x08000361   Thumb Code    38  __2sprintf.o(.text)
    __printf                                 0x0800038d   Thumb Code   104  __printf.o(.text)
    _printf_int_dec                          0x080003f5   Thumb Code   104  _printf_dec.o(.text)
    __aeabi_memcpy                           0x0800046d   Thumb Code     0  rt_memcpy_v6.o(.text)
    __rt_memcpy                              0x0800046d   Thumb Code   138  rt_memcpy_v6.o(.text)
    _memcpy_lastbytes                        0x080004d3   Thumb Code     0  rt_memcpy_v6.o(.text)
    __aeabi_memset4                          0x080004f7   Thumb Code    16  aeabi_memset4.o(.text)
    __aeabi_memset8                          0x080004f7   Thumb Code     0  aeabi_memset4.o(.text)
    __aeabi_memclr4                          0x08000507   Thumb Code     0  rt_memclr_w.o(.text)
    __aeabi_memclr8                          0x08000507   Thumb Code     0  rt_memclr_w.o(.text)
    __rt_memclr_w                            0x08000507   Thumb Code     0  rt_memclr_w.o(.text)
    _memset_w                                0x0800050b   Thumb Code    74  rt_memclr_w.o(.text)
    __use_two_region_memory                  0x08000555   Thumb Code     2  heapauxi.o(.text)
    __rt_heap_escrow$2region                 0x08000557   Thumb Code     2  heapauxi.o(.text)
    __rt_heap_expand$2region                 0x08000559   Thumb Code     2  heapauxi.o(.text)
    _printf_int_common                       0x0800055b   Thumb Code   178  _printf_intcommon.o(.text)
    _printf_char_common                      0x08000617   Thumb Code    32  _printf_char_common.o(.text)
    _sputc                                   0x0800063d   Thumb Code    10  _sputc.o(.text)
    __aeabi_memcpy4                          0x08000647   Thumb Code     0  rt_memcpy_w.o(.text)
    __aeabi_memcpy8                          0x08000647   Thumb Code     0  rt_memcpy_w.o(.text)
    __rt_memcpy_w                            0x08000647   Thumb Code   100  rt_memcpy_w.o(.text)
    _memcpy_lastbytes_aligned                0x0800068f   Thumb Code     0  rt_memcpy_w.o(.text)
    __user_setup_stackheap                   0x080006ab   Thumb Code    74  sys_stackheap_outer.o(.text)
    exit                                     0x080006f5   Thumb Code    18  exit.o(.text)
    __user_libspace                          0x08000709   Thumb Code     8  libspace.o(.text)
    __user_perproc_libspace                  0x08000709   Thumb Code     0  libspace.o(.text)
    __user_perthread_libspace                0x08000709   Thumb Code     0  libspace.o(.text)
    _sys_exit                                0x08000711   Thumb Code     8  sys_exit.o(.text)
    __I$use$semihosting                      0x0800071d   Thumb Code     0  use_no_semi.o(.text)
    __use_no_semihosting_swi                 0x0800071d   Thumb Code     2  use_no_semi.o(.text)
    __semihosting_library_function           0x0800071f   Thumb Code     0  indicate_semi.o(.text)
    BusFault_Handler                         0x08000721   Thumb Code     2  stm32f4xx_it.o(.text.BusFault_Handler)
    DebugMon_Handler                         0x08000725   Thumb Code     2  stm32f4xx_it.o(.text.DebugMon_Handler)
    EXTI4_IRQHandler                         0x08000729   Thumb Code    10  stm32f4xx_it.o(.text.EXTI4_IRQHandler)
    Error_Handler                            0x08000735   Thumb Code    10  main.o(.text.Error_Handler)
    HAL_Delay                                0x08000741   Thumb Code    40  stm32f4xx_hal.o(.text.HAL_Delay)
    HAL_GPIO_EXTI_Callback                   0x08000769   Thumb Code     2  stm32f4xx_hal_gpio.o(.text.HAL_GPIO_EXTI_Callback)
    HAL_GPIO_EXTI_IRQHandler                 0x0800076d   Thumb Code    26  stm32f4xx_hal_gpio.o(.text.HAL_GPIO_EXTI_IRQHandler)
    HAL_GPIO_Init                            0x08000789   Thumb Code   406  stm32f4xx_hal_gpio.o(.text.HAL_GPIO_Init)
    HAL_GPIO_WritePin                        0x08000921   Thumb Code    10  stm32f4xx_hal_gpio.o(.text.HAL_GPIO_WritePin)
    HAL_GetTick                              0x0800092d   Thumb Code    12  stm32f4xx_hal.o(.text.HAL_GetTick)
    HAL_I2C_Init                             0x08000939   Thumb Code   408  stm32f4xx_hal_i2c.o(.text.HAL_I2C_Init)
    HAL_I2C_MspInit                          0x08000ad1   Thumb Code   116  i2c.o(.text.HAL_I2C_MspInit)
    HAL_IncTick                              0x08000b45   Thumb Code    26  stm32f4xx_hal.o(.text.HAL_IncTick)
    HAL_Init                                 0x08000b61   Thumb Code    54  stm32f4xx_hal.o(.text.HAL_Init)
    HAL_InitTick                             0x08000b99   Thumb Code   142  stm32f4xx_hal_timebase_tim.o(.text.HAL_InitTick)
    HAL_MspInit                              0x08000c29   Thumb Code    70  stm32f4xx_hal_msp.o(.text.HAL_MspInit)
    HAL_NVIC_EnableIRQ                       0x08000c71   Thumb Code     8  stm32f4xx_hal_cortex.o(.text.HAL_NVIC_EnableIRQ)
    HAL_NVIC_SetPriority                     0x08000c79   Thumb Code    30  stm32f4xx_hal_cortex.o(.text.HAL_NVIC_SetPriority)
    HAL_NVIC_SetPriorityGrouping             0x08000c99   Thumb Code     8  stm32f4xx_hal_cortex.o(.text.HAL_NVIC_SetPriorityGrouping)
    HAL_RCC_ClockConfig                      0x08000ca1   Thumb Code   352  stm32f4xx_hal_rcc.o(.text.HAL_RCC_ClockConfig)
    HAL_RCC_GetClockConfig                   0x08000e01   Thumb Code    62  stm32f4xx_hal_rcc.o(.text.HAL_RCC_GetClockConfig)
    HAL_RCC_GetHCLKFreq                      0x08000e41   Thumb Code    12  stm32f4xx_hal_rcc.o(.text.HAL_RCC_GetHCLKFreq)
    HAL_RCC_GetPCLK1Freq                     0x08000e4d   Thumb Code    34  stm32f4xx_hal_rcc.o(.text.HAL_RCC_GetPCLK1Freq)
    HAL_RCC_GetPCLK2Freq                     0x08000e71   Thumb Code    34  stm32f4xx_hal_rcc.o(.text.HAL_RCC_GetPCLK2Freq)
    HAL_RCC_GetSysClockFreq                  0x08000e95   Thumb Code   106  stm32f4xx_hal_rcc.o(.text.HAL_RCC_GetSysClockFreq)
    HAL_RCC_OscConfig                        0x08000f01   Thumb Code   840  stm32f4xx_hal_rcc.o(.text.HAL_RCC_OscConfig)
    HAL_SPI_Init                             0x08001249   Thumb Code   180  stm32f4xx_hal_spi.o(.text.HAL_SPI_Init)
    HAL_SPI_MspInit                          0x080012fd   Thumb Code   114  spi.o(.text.HAL_SPI_MspInit)
    HAL_TIMEx_BreakCallback                  0x08001371   Thumb Code     2  stm32f4xx_hal_tim_ex.o(.text.HAL_TIMEx_BreakCallback)
    HAL_TIMEx_CommutCallback                 0x08001375   Thumb Code     2  stm32f4xx_hal_tim_ex.o(.text.HAL_TIMEx_CommutCallback)
    HAL_TIM_Base_Init                        0x08001379   Thumb Code    90  stm32f4xx_hal_tim.o(.text.HAL_TIM_Base_Init)
    HAL_TIM_Base_MspInit                     0x080013d5   Thumb Code     2  stm32f4xx_hal_tim.o(.text.HAL_TIM_Base_MspInit)
    HAL_TIM_Base_Start_IT                    0x080013d9   Thumb Code   168  stm32f4xx_hal_tim.o(.text.HAL_TIM_Base_Start_IT)
    HAL_TIM_IC_CaptureCallback               0x08001481   Thumb Code     2  stm32f4xx_hal_tim.o(.text.HAL_TIM_IC_CaptureCallback)
    HAL_TIM_IRQHandler                       0x08001485   Thumb Code   362  stm32f4xx_hal_tim.o(.text.HAL_TIM_IRQHandler)
    HAL_TIM_OC_DelayElapsedCallback          0x080015f1   Thumb Code     2  stm32f4xx_hal_tim.o(.text.HAL_TIM_OC_DelayElapsedCallback)
    HAL_TIM_PWM_PulseFinishedCallback        0x080015f5   Thumb Code     2  stm32f4xx_hal_tim.o(.text.HAL_TIM_PWM_PulseFinishedCallback)
    HAL_TIM_PeriodElapsedCallback            0x080015f9   Thumb Code    22  main.o(.text.HAL_TIM_PeriodElapsedCallback)
    HAL_TIM_TriggerCallback                  0x08001611   Thumb Code     2  stm32f4xx_hal_tim.o(.text.HAL_TIM_TriggerCallback)
    HAL_UART_Init                            0x08001615   Thumb Code    94  stm32f4xx_hal_uart.o(.text.HAL_UART_Init)
    HAL_UART_MspInit                         0x08001675   Thumb Code   116  usart.o(.text.HAL_UART_MspInit)
    HAL_UART_Transmit                        0x080016e9   Thumb Code   204  stm32f4xx_hal_uart.o(.text.HAL_UART_Transmit)
    HardFault_Handler                        0x080017b5   Thumb Code     2  stm32f4xx_it.o(.text.HardFault_Handler)
    MX_FREERTOS_Init                         0x080017b9   Thumb Code    94  freertos.o(.text.MX_FREERTOS_Init)
    MX_GPIO_Init                             0x08001819   Thumb Code   164  gpio.o(.text.MX_GPIO_Init)
    MX_I2C1_Init                             0x080018bd   Thumb Code    62  i2c.o(.text.MX_I2C1_Init)
    MX_SPI1_Init                             0x080018fd   Thumb Code    72  spi.o(.text.MX_SPI1_Init)
    MX_USART1_UART_Init                      0x08001945   Thumb Code    56  usart.o(.text.MX_USART1_UART_Init)
    MemManage_Handler                        0x0800197d   Thumb Code     2  stm32f4xx_it.o(.text.MemManage_Handler)
    NMI_Handler                              0x08001981   Thumb Code     2  stm32f4xx_it.o(.text.NMI_Handler)
    PendSV_Handler                           0x080019b1   Thumb Code   100  port.o(.text.PendSV_Handler)
    SVC_Handler                              0x08001a21   Thumb Code    36  port.o(.text.SVC_Handler)
    StartATask                               0x08001a4d   Thumb Code     8  freertos.o(.text.StartATask)
    StartDTask                               0x08001a55   Thumb Code     8  freertos.o(.text.StartDTask)
    SysTick_Handler                          0x08001a5d   Thumb Code    26  cmsis_os2.o(.text.SysTick_Handler)
    SystemClock_Config                       0x08001a79   Thumb Code   162  main.o(.text.SystemClock_Config)
    SystemInit                               0x08001b1d   Thumb Code    18  system_stm32f4xx.o(.text.SystemInit)
    TIM7_IRQHandler                          0x08001b31   Thumb Code    16  stm32f4xx_it.o(.text.TIM7_IRQHandler)
    TIM_Base_SetConfig                       0x08001b41   Thumb Code   292  stm32f4xx_hal_tim.o(.text.TIM_Base_SetConfig)
    UsageFault_Handler                       0x08001da5   Thumb Code     2  stm32f4xx_it.o(.text.UsageFault_Handler)
    main                                     0x08001e2d   Thumb Code   100  main.o(.text.main)
    osDelay                                  0x08001ead   Thumb Code    32  cmsis_os2.o(.text.osDelay)
    osKernelInitialize                       0x08001ecd   Thumb Code    40  cmsis_os2.o(.text.osKernelInitialize)
    osKernelStart                            0x08001ef5   Thumb Code    52  cmsis_os2.o(.text.osKernelStart)
    osSemaphoreNew                           0x08001f29   Thumb Code   196  cmsis_os2.o(.text.osSemaphoreNew)
    osThreadNew                              0x08001fed   Thumb Code   180  cmsis_os2.o(.text.osThreadNew)
    pvPortMalloc                             0x08002a11   Thumb Code   330  heap_4.o(.text.pvPortMalloc)
    pxPortInitialiseStack                    0x08002b5d   Thumb Code    40  port.o(.text.pxPortInitialiseStack)
    uxListRemove                             0x08002b85   Thumb Code    36  list.o(.text.uxListRemove)
    vApplicationGetIdleTaskMemory            0x08002ba9   Thumb Code    26  cmsis_os2.o(.text.vApplicationGetIdleTaskMemory)
    vApplicationGetTimerTaskMemory           0x08002bc5   Thumb Code    28  cmsis_os2.o(.text.vApplicationGetTimerTaskMemory)
    vListInitialise                          0x08002be1   Thumb Code    22  list.o(.text.vListInitialise)
    vListInitialiseItem                      0x08002bf9   Thumb Code     6  list.o(.text.vListInitialiseItem)
    vListInsert                              0x08002c01   Thumb Code    58  list.o(.text.vListInsert)
    vListInsertEnd                           0x08002c3d   Thumb Code    28  list.o(.text.vListInsertEnd)
    vPortEnterCritical                       0x08002c6d   Thumb Code    70  port.o(.text.vPortEnterCritical)
    vPortExitCritical                        0x08002cb5   Thumb Code    46  port.o(.text.vPortExitCritical)
    vPortFree                                0x08002ce5   Thumb Code   138  heap_4.o(.text.vPortFree)
    vPortSetupTimerInterrupt                 0x08002d71   Thumb Code    52  port.o(.text.vPortSetupTimerInterrupt)
    vPortValidateInterruptPriority           0x08002da5   Thumb Code    98  port.o(.text.vPortValidateInterruptPriority)
    vQueueAddToRegistry                      0x08002e09   Thumb Code    40  queue.o(.text.vQueueAddToRegistry)
    vQueueDelete                             0x08002e31   Thumb Code    46  queue.o(.text.vQueueDelete)
    vQueueUnregisterQueue                    0x08002e61   Thumb Code    42  queue.o(.text.vQueueUnregisterQueue)
    vQueueWaitForMessageRestricted           0x08002e8d   Thumb Code    68  queue.o(.text.vQueueWaitForMessageRestricted)
    vTaskDelay                               0x08002ed1   Thumb Code    84  tasks.o(.text.vTaskDelay)
    vTaskInternalSetTimeOutState             0x08002f25   Thumb Code    26  tasks.o(.text.vTaskInternalSetTimeOutState)
    vTaskMissedYield                         0x08002f41   Thumb Code    14  tasks.o(.text.vTaskMissedYield)
    vTaskPlaceOnEventList                    0x08002f51   Thumb Code    50  tasks.o(.text.vTaskPlaceOnEventList)
    vTaskPlaceOnEventListRestricted          0x08002f85   Thumb Code    62  tasks.o(.text.vTaskPlaceOnEventListRestricted)
    vTaskStartScheduler                      0x08002fc5   Thumb Code   156  tasks.o(.text.vTaskStartScheduler)
    vTaskSuspendAll                          0x08003069   Thumb Code    16  tasks.o(.text.vTaskSuspendAll)
    vTaskSwitchContext                       0x08003079   Thumb Code   154  tasks.o(.text.vTaskSwitchContext)
    xPortStartScheduler                      0x08003115   Thumb Code   274  port.o(.text.xPortStartScheduler)
    xPortSysTickHandler                      0x08003229   Thumb Code    46  port.o(.text.xPortSysTickHandler)
    xQueueCreateCountingSemaphore            0x08003259   Thumb Code    66  queue.o(.text.xQueueCreateCountingSemaphore)
    xQueueCreateCountingSemaphoreStatic      0x0800329d   Thumb Code    78  queue.o(.text.xQueueCreateCountingSemaphoreStatic)
    xQueueGenericCreate                      0x080032ed   Thumb Code    70  queue.o(.text.xQueueGenericCreate)
    xQueueGenericCreateStatic                0x08003335   Thumb Code   150  queue.o(.text.xQueueGenericCreateStatic)
    xQueueGenericReset                       0x080033cd   Thumb Code   126  queue.o(.text.xQueueGenericReset)
    xQueueGenericSend                        0x0800344d   Thumb Code   418  queue.o(.text.xQueueGenericSend)
    xQueueGenericSendFromISR                 0x080035f1   Thumb Code   206  queue.o(.text.xQueueGenericSendFromISR)
    xQueueReceive                            0x080036c1   Thumb Code   388  queue.o(.text.xQueueReceive)
    xTaskCheckForTimeOut                     0x08003845   Thumb Code   136  tasks.o(.text.xTaskCheckForTimeOut)
    xTaskCreate                              0x080038cd   Thumb Code   102  tasks.o(.text.xTaskCreate)
    xTaskCreateStatic                        0x08003935   Thumb Code   118  tasks.o(.text.xTaskCreateStatic)
    xTaskGetSchedulerState                   0x080039ad   Thumb Code    38  tasks.o(.text.xTaskGetSchedulerState)
    xTaskGetTickCount                        0x080039d5   Thumb Code    12  tasks.o(.text.xTaskGetTickCount)
    xTaskIncrementTick                       0x080039e1   Thumb Code   338  tasks.o(.text.xTaskIncrementTick)
    xTaskPriorityDisinherit                  0x08003b35   Thumb Code   146  tasks.o(.text.xTaskPriorityDisinherit)
    xTaskRemoveFromEventList                 0x08003bc9   Thumb Code   142  tasks.o(.text.xTaskRemoveFromEventList)
    xTaskResumeAll                           0x08003c59   Thumb Code   276  tasks.o(.text.xTaskResumeAll)
    xTimerCreateTimerTask                    0x08003d6d   Thumb Code   108  timers.o(.text.xTimerCreateTimerTask)
    xTimerGenericCommand                     0x08003de1   Thumb Code   104  timers.o(.text.xTimerGenericCommand)
    _fp_init                                 0x08003e49   Thumb Code    26  fpinit.o(x$fpl$fpinit)
    __fplib_config_fpu_vfp                   0x08003e61   Thumb Code     0  fpinit.o(x$fpl$fpinit)
    __fplib_config_pureend_doubles           0x08003e61   Thumb Code     0  fpinit.o(x$fpl$fpinit)
    AHBPrescTable                            0x08003e62   Data          16  system_stm32f4xx.o(.rodata.AHBPrescTable)
    APBPrescTable                            0x08003e72   Data           8  system_stm32f4xx.o(.rodata.APBPrescTable)
    aTask_attributes                         0x08003e7c   Data          36  freertos.o(.rodata.aTask_attributes)
    dTask_attributes                         0x08003ea0   Data          36  freertos.o(.rodata.dTask_attributes)
    xx_attributes                            0x08003ed4   Data          16  freertos.o(.rodata.xx_attributes)
    Region$$Table$$Base                      0x08003ee4   Number         0  anon$$obj.o(Region$$Table)
    Region$$Table$$Limit                     0x08003f04   Number         0  anon$$obj.o(Region$$Table)
    SystemCoreClock                          0x20000000   Data           4  system_stm32f4xx.o(.data.SystemCoreClock)
    uwTickFreq                               0x20000004   Data           1  stm32f4xx_hal.o(.data.uwTickFreq)
    uwTickPrio                               0x20000008   Data           4  stm32f4xx_hal.o(.data.uwTickPrio)
    __libspace_start                         0x20000010   Data          96  libspace.o(.bss)
    __temporary_stack_top$libspace           0x20000070   Data           0  libspace.o(.bss)
    aTaskHandle                              0x20000074   Data           4  freertos.o(.bss.aTaskHandle)
    dTaskHandle                              0x20000078   Data           4  freertos.o(.bss.dTaskHandle)
    hi2c1                                    0x2000007c   Data          84  i2c.o(.bss.hi2c1)
    hspi1                                    0x200000d0   Data          88  spi.o(.bss.hspi1)
    htim7                                    0x20000128   Data          72  stm32f4xx_hal_timebase_tim.o(.bss.htim7)
    huart1                                   0x20000170   Data          68  usart.o(.bss.huart1)
    pxCurrentTCB                             0x200002a8   Data           4  tasks.o(.bss.pxCurrentTCB)
    u_buf                                    0x20000720   Data         256  main.o(.bss.u_buf)
    uwTick                                   0x20004428   Data           4  stm32f4xx_hal.o(.bss.uwTick)
    xQueueRegistry                           0x20004b80   Data          64  queue.o(.bss.xQueueRegistry)
    xxHandle                                 0x20004c04   Data           4  freertos.o(.bss.xxHandle)



==============================================================================

Memory Map of the image

  Image Entry point : 0x08000189

  Load Region LR_IROM1 (Base: 0x08000000, Size: 0x00003f18, Max: 0x00080000, ABSOLUTE)

    Execution Region ER_IROM1 (Exec base: 0x08000000, Load base: 0x08000000, Size: 0x00003f04, Max: 0x00080000, ABSOLUTE)

    Exec Addr    Load Addr    Size         Type   Attr      Idx    E Section Name        Object

    0x08000000   0x08000000   0x00000188   Data   RO            3    RESET               startup_stm32f407xx.o
    0x08000188   0x08000188   0x00000008   Code   RO         2163  * !!!main             c_w.l(__main.o)
    0x08000190   0x08000190   0x00000034   Code   RO         2347    !!!scatter          c_w.l(__scatter.o)
    0x080001c4   0x080001c4   0x0000001a   Code   RO         2349    !!handler_copy      c_w.l(__scatter_copy.o)
    0x080001de   0x080001de   0x00000002   PAD
    0x080001e0   0x080001e0   0x0000001c   Code   RO         2351    !!handler_zi        c_w.l(__scatter_zi.o)
    0x080001fc   0x080001fc   0x00000000   Code   RO         2150    .ARM.Collect$$_printf_percent$$00000000  c_w.l(_printf_percent.o)
    0x080001fc   0x080001fc   0x00000006   Code   RO         2149    .ARM.Collect$$_printf_percent$$00000009  c_w.l(_printf_d.o)
    0x08000202   0x08000202   0x00000004   Code   RO         2176    .ARM.Collect$$_printf_percent$$00000017  c_w.l(_printf_percent_end.o)
    0x08000206   0x08000206   0x00000002   Code   RO         2211    .ARM.Collect$$libinit$$00000000  c_w.l(libinit.o)
    0x08000208   0x08000208   0x00000004   Code   RO         2223    .ARM.Collect$$libinit$$00000001  c_w.l(libinit2.o)
    0x0800020c   0x0800020c   0x00000000   Code   RO         2226    .ARM.Collect$$libinit$$00000004  c_w.l(libinit2.o)
    0x0800020c   0x0800020c   0x00000000   Code   RO         2229    .ARM.Collect$$libinit$$0000000A  c_w.l(libinit2.o)
    0x0800020c   0x0800020c   0x00000000   Code   RO         2231    .ARM.Collect$$libinit$$0000000C  c_w.l(libinit2.o)
    0x0800020c   0x0800020c   0x00000000   Code   RO         2233    .ARM.Collect$$libinit$$0000000E  c_w.l(libinit2.o)
    0x0800020c   0x0800020c   0x00000000   Code   RO         2236    .ARM.Collect$$libinit$$00000011  c_w.l(libinit2.o)
    0x0800020c   0x0800020c   0x00000000   Code   RO         2238    .ARM.Collect$$libinit$$00000013  c_w.l(libinit2.o)
    0x0800020c   0x0800020c   0x00000000   Code   RO         2240    .ARM.Collect$$libinit$$00000015  c_w.l(libinit2.o)
    0x0800020c   0x0800020c   0x00000000   Code   RO         2242    .ARM.Collect$$libinit$$00000017  c_w.l(libinit2.o)
    0x0800020c   0x0800020c   0x00000000   Code   RO         2244    .ARM.Collect$$libinit$$00000019  c_w.l(libinit2.o)
    0x0800020c   0x0800020c   0x00000000   Code   RO         2246    .ARM.Collect$$libinit$$0000001B  c_w.l(libinit2.o)
    0x0800020c   0x0800020c   0x00000000   Code   RO         2248    .ARM.Collect$$libinit$$0000001D  c_w.l(libinit2.o)
    0x0800020c   0x0800020c   0x00000000   Code   RO         2250    .ARM.Collect$$libinit$$0000001F  c_w.l(libinit2.o)
    0x0800020c   0x0800020c   0x00000000   Code   RO         2252    .ARM.Collect$$libinit$$00000021  c_w.l(libinit2.o)
    0x0800020c   0x0800020c   0x00000000   Code   RO         2254    .ARM.Collect$$libinit$$00000023  c_w.l(libinit2.o)
    0x0800020c   0x0800020c   0x00000000   Code   RO         2256    .ARM.Collect$$libinit$$00000025  c_w.l(libinit2.o)
    0x0800020c   0x0800020c   0x00000000   Code   RO         2260    .ARM.Collect$$libinit$$0000002C  c_w.l(libinit2.o)
    0x0800020c   0x0800020c   0x00000000   Code   RO         2262    .ARM.Collect$$libinit$$0000002E  c_w.l(libinit2.o)
    0x0800020c   0x0800020c   0x00000000   Code   RO         2264    .ARM.Collect$$libinit$$00000030  c_w.l(libinit2.o)
    0x0800020c   0x0800020c   0x00000000   Code   RO         2266    .ARM.Collect$$libinit$$00000032  c_w.l(libinit2.o)
    0x0800020c   0x0800020c   0x00000002   Code   RO         2267    .ARM.Collect$$libinit$$00000033  c_w.l(libinit2.o)
    0x0800020e   0x0800020e   0x00000002   Code   RO         2302    .ARM.Collect$$libshutdown$$00000000  c_w.l(libshutdown.o)
    0x08000210   0x08000210   0x00000000   Code   RO         2330    .ARM.Collect$$libshutdown$$00000002  c_w.l(libshutdown2.o)
    0x08000210   0x08000210   0x00000000   Code   RO         2332    .ARM.Collect$$libshutdown$$00000004  c_w.l(libshutdown2.o)
    0x08000210   0x08000210   0x00000000   Code   RO         2335    .ARM.Collect$$libshutdown$$00000007  c_w.l(libshutdown2.o)
    0x08000210   0x08000210   0x00000000   Code   RO         2338    .ARM.Collect$$libshutdown$$0000000A  c_w.l(libshutdown2.o)
    0x08000210   0x08000210   0x00000000   Code   RO         2340    .ARM.Collect$$libshutdown$$0000000C  c_w.l(libshutdown2.o)
    0x08000210   0x08000210   0x00000000   Code   RO         2343    .ARM.Collect$$libshutdown$$0000000F  c_w.l(libshutdown2.o)
    0x08000210   0x08000210   0x00000002   Code   RO         2344    .ARM.Collect$$libshutdown$$00000010  c_w.l(libshutdown2.o)
    0x08000212   0x08000212   0x00000000   Code   RO         2165    .ARM.Collect$$rtentry$$00000000  c_w.l(__rtentry.o)
    0x08000212   0x08000212   0x00000000   Code   RO         2180    .ARM.Collect$$rtentry$$00000002  c_w.l(__rtentry2.o)
    0x08000212   0x08000212   0x00000006   Code   RO         2192    .ARM.Collect$$rtentry$$00000004  c_w.l(__rtentry4.o)
    0x08000218   0x08000218   0x00000000   Code   RO         2182    .ARM.Collect$$rtentry$$00000009  c_w.l(__rtentry2.o)
    0x08000218   0x08000218   0x00000004   Code   RO         2183    .ARM.Collect$$rtentry$$0000000A  c_w.l(__rtentry2.o)
    0x0800021c   0x0800021c   0x00000000   Code   RO         2185    .ARM.Collect$$rtentry$$0000000C  c_w.l(__rtentry2.o)
    0x0800021c   0x0800021c   0x00000008   Code   RO         2186    .ARM.Collect$$rtentry$$0000000D  c_w.l(__rtentry2.o)
    0x08000224   0x08000224   0x00000002   Code   RO         2215    .ARM.Collect$$rtexit$$00000000  c_w.l(rtexit.o)
    0x08000226   0x08000226   0x00000000   Code   RO         2273    .ARM.Collect$$rtexit$$00000002  c_w.l(rtexit2.o)
    0x08000226   0x08000226   0x00000004   Code   RO         2274    .ARM.Collect$$rtexit$$00000003  c_w.l(rtexit2.o)
    0x0800022a   0x0800022a   0x00000006   Code   RO         2275    .ARM.Collect$$rtexit$$00000004  c_w.l(rtexit2.o)
    0x08000230   0x08000230   0x00000040   Code   RO            4    .text               startup_stm32f407xx.o
    0x08000270   0x08000270   0x000000f0   Code   RO         2119    .text               c_w.l(lludivv7m.o)
    0x08000360   0x08000360   0x0000002c   Code   RO         2121    .text               c_w.l(__2sprintf.o)
    0x0800038c   0x0800038c   0x00000068   Code   RO         2125    .text               c_w.l(__printf.o)
    0x080003f4   0x080003f4   0x00000078   Code   RO         2127    .text               c_w.l(_printf_dec.o)
    0x0800046c   0x0800046c   0x0000008a   Code   RO         2151    .text               c_w.l(rt_memcpy_v6.o)
    0x080004f6   0x080004f6   0x00000010   Code   RO         2155    .text               c_w.l(aeabi_memset4.o)
    0x08000506   0x08000506   0x0000004e   Code   RO         2159    .text               c_w.l(rt_memclr_w.o)
    0x08000554   0x08000554   0x00000006   Code   RO         2161    .text               c_w.l(heapauxi.o)
    0x0800055a   0x0800055a   0x000000b2   Code   RO         2170    .text               c_w.l(_printf_intcommon.o)
    0x0800060c   0x0800060c   0x00000030   Code   RO         2172    .text               c_w.l(_printf_char_common.o)
    0x0800063c   0x0800063c   0x0000000a   Code   RO         2174    .text               c_w.l(_sputc.o)
    0x08000646   0x08000646   0x00000064   Code   RO         2177    .text               c_w.l(rt_memcpy_w.o)
    0x080006aa   0x080006aa   0x0000004a   Code   RO         2198    .text               c_w.l(sys_stackheap_outer.o)
    0x080006f4   0x080006f4   0x00000012   Code   RO         2200    .text               c_w.l(exit.o)
    0x08000706   0x08000706   0x00000002   PAD
    0x08000708   0x08000708   0x00000008   Code   RO         2212    .text               c_w.l(libspace.o)
    0x08000710   0x08000710   0x0000000c   Code   RO         2268    .text               c_w.l(sys_exit.o)
    0x0800071c   0x0800071c   0x00000002   Code   RO         2291    .text               c_w.l(use_no_semi.o)
    0x0800071e   0x0800071e   0x00000000   Code   RO         2293    .text               c_w.l(indicate_semi.o)
    0x0800071e   0x0800071e   0x00000002   PAD
    0x08000720   0x08000720   0x00000002   Code   RO          109    .text.BusFault_Handler  stm32f4xx_it.o
    0x08000722   0x08000722   0x00000002   PAD
    0x08000724   0x08000724   0x00000002   Code   RO          113    .text.DebugMon_Handler  stm32f4xx_it.o
    0x08000726   0x08000726   0x00000002   PAD
    0x08000728   0x08000728   0x0000000a   Code   RO          115    .text.EXTI4_IRQHandler  stm32f4xx_it.o
    0x08000732   0x08000732   0x00000002   PAD
    0x08000734   0x08000734   0x0000000a   Code   RO           15    .text.Error_Handler  main.o
    0x0800073e   0x0800073e   0x00000002   PAD
    0x08000740   0x08000740   0x00000028   Code   RO          613    .text.HAL_Delay     stm32f4xx_hal.o
    0x08000768   0x08000768   0x00000002   Code   RO          395    .text.HAL_GPIO_EXTI_Callback  stm32f4xx_hal_gpio.o
    0x0800076a   0x0800076a   0x00000002   PAD
    0x0800076c   0x0800076c   0x0000001a   Code   RO          393    .text.HAL_GPIO_EXTI_IRQHandler  stm32f4xx_hal_gpio.o
    0x08000786   0x08000786   0x00000002   PAD
    0x08000788   0x08000788   0x00000196   Code   RO          381    .text.HAL_GPIO_Init  stm32f4xx_hal_gpio.o
    0x0800091e   0x0800091e   0x00000002   PAD
    0x08000920   0x08000920   0x0000000a   Code   RO          387    .text.HAL_GPIO_WritePin  stm32f4xx_hal_gpio.o
    0x0800092a   0x0800092a   0x00000002   PAD
    0x0800092c   0x0800092c   0x0000000c   Code   RO          605    .text.HAL_GetTick   stm32f4xx_hal.o
    0x08000938   0x08000938   0x00000198   Code   RO          684    .text.HAL_I2C_Init  stm32f4xx_hal_i2c.o
    0x08000ad0   0x08000ad0   0x00000074   Code   RO           60    .text.HAL_I2C_MspInit  i2c.o
    0x08000b44   0x08000b44   0x0000001a   Code   RO          603    .text.HAL_IncTick   stm32f4xx_hal.o
    0x08000b5e   0x08000b5e   0x00000002   PAD
    0x08000b60   0x08000b60   0x00000036   Code   RO          593    .text.HAL_Init      stm32f4xx_hal.o
    0x08000b96   0x08000b96   0x00000002   PAD
    0x08000b98   0x08000b98   0x0000008e   Code   RO          135    .text.HAL_InitTick  stm32f4xx_hal_timebase_tim.o
    0x08000c26   0x08000c26   0x00000002   PAD
    0x08000c28   0x08000c28   0x00000046   Code   RO          126    .text.HAL_MspInit   stm32f4xx_hal_msp.o
    0x08000c6e   0x08000c6e   0x00000002   PAD
    0x08000c70   0x08000c70   0x00000008   Code   RO          533    .text.HAL_NVIC_EnableIRQ  stm32f4xx_hal_cortex.o
    0x08000c78   0x08000c78   0x0000001e   Code   RO          525    .text.HAL_NVIC_SetPriority  stm32f4xx_hal_cortex.o
    0x08000c96   0x08000c96   0x00000002   PAD
    0x08000c98   0x08000c98   0x00000008   Code   RO          521    .text.HAL_NVIC_SetPriorityGrouping  stm32f4xx_hal_cortex.o
    0x08000ca0   0x08000ca0   0x00000160   Code   RO          245    .text.HAL_RCC_ClockConfig  stm32f4xx_hal_rcc.o
    0x08000e00   0x08000e00   0x0000003e   Code   RO          263    .text.HAL_RCC_GetClockConfig  stm32f4xx_hal_rcc.o
    0x08000e3e   0x08000e3e   0x00000002   PAD
    0x08000e40   0x08000e40   0x0000000c   Code   RO          255    .text.HAL_RCC_GetHCLKFreq  stm32f4xx_hal_rcc.o
    0x08000e4c   0x08000e4c   0x00000022   Code   RO          257    .text.HAL_RCC_GetPCLK1Freq  stm32f4xx_hal_rcc.o
    0x08000e6e   0x08000e6e   0x00000002   PAD
    0x08000e70   0x08000e70   0x00000022   Code   RO          259    .text.HAL_RCC_GetPCLK2Freq  stm32f4xx_hal_rcc.o
    0x08000e92   0x08000e92   0x00000002   PAD
    0x08000e94   0x08000e94   0x0000006a   Code   RO          247    .text.HAL_RCC_GetSysClockFreq  stm32f4xx_hal_rcc.o
    0x08000efe   0x08000efe   0x00000002   PAD
    0x08000f00   0x08000f00   0x00000348   Code   RO          243    .text.HAL_RCC_OscConfig  stm32f4xx_hal_rcc.o
    0x08001248   0x08001248   0x000000b4   Code   RO          855    .text.HAL_SPI_Init  stm32f4xx_hal_spi.o
    0x080012fc   0x080012fc   0x00000072   Code   RO           75    .text.HAL_SPI_MspInit  spi.o
    0x0800136e   0x0800136e   0x00000002   PAD
    0x08001370   0x08001370   0x00000002   Code   RO         1297    .text.HAL_TIMEx_BreakCallback  stm32f4xx_hal_tim_ex.o
    0x08001372   0x08001372   0x00000002   PAD
    0x08001374   0x08001374   0x00000002   Code   RO         1293    .text.HAL_TIMEx_CommutCallback  stm32f4xx_hal_tim_ex.o
    0x08001376   0x08001376   0x00000002   PAD
    0x08001378   0x08001378   0x0000005a   Code   RO          973    .text.HAL_TIM_Base_Init  stm32f4xx_hal_tim.o
    0x080013d2   0x080013d2   0x00000002   PAD
    0x080013d4   0x080013d4   0x00000002   Code   RO          975    .text.HAL_TIM_Base_MspInit  stm32f4xx_hal_tim.o
    0x080013d6   0x080013d6   0x00000002   PAD
    0x080013d8   0x080013d8   0x000000a8   Code   RO          987    .text.HAL_TIM_Base_Start_IT  stm32f4xx_hal_tim.o
    0x08001480   0x08001480   0x00000002   Code   RO         1109    .text.HAL_TIM_IC_CaptureCallback  stm32f4xx_hal_tim.o
    0x08001482   0x08001482   0x00000002   PAD
    0x08001484   0x08001484   0x0000016a   Code   RO         1107    .text.HAL_TIM_IRQHandler  stm32f4xx_hal_tim.o
    0x080015ee   0x080015ee   0x00000002   PAD
    0x080015f0   0x080015f0   0x00000002   Code   RO         1111    .text.HAL_TIM_OC_DelayElapsedCallback  stm32f4xx_hal_tim.o
    0x080015f2   0x080015f2   0x00000002   PAD
    0x080015f4   0x080015f4   0x00000002   Code   RO         1113    .text.HAL_TIM_PWM_PulseFinishedCallback  stm32f4xx_hal_tim.o
    0x080015f6   0x080015f6   0x00000002   PAD
    0x080015f8   0x080015f8   0x00000016   Code   RO           17    .text.HAL_TIM_PeriodElapsedCallback  main.o
    0x0800160e   0x0800160e   0x00000002   PAD
    0x08001610   0x08001610   0x00000002   Code   RO         1117    .text.HAL_TIM_TriggerCallback  stm32f4xx_hal_tim.o
    0x08001612   0x08001612   0x00000002   PAD
    0x08001614   0x08001614   0x0000005e   Code   RO         1311    .text.HAL_UART_Init  stm32f4xx_hal_uart.o
    0x08001672   0x08001672   0x00000002   PAD
    0x08001674   0x08001674   0x00000074   Code   RO           90    .text.HAL_UART_MspInit  usart.o
    0x080016e8   0x080016e8   0x000000cc   Code   RO         1327    .text.HAL_UART_Transmit  stm32f4xx_hal_uart.o
    0x080017b4   0x080017b4   0x00000002   Code   RO          105    .text.HardFault_Handler  stm32f4xx_it.o
    0x080017b6   0x080017b6   0x00000002   PAD
    0x080017b8   0x080017b8   0x0000005e   Code   RO           38    .text.MX_FREERTOS_Init  freertos.o
    0x08001816   0x08001816   0x00000002   PAD
    0x08001818   0x08001818   0x000000a4   Code   RO           29    .text.MX_GPIO_Init  gpio.o
    0x080018bc   0x080018bc   0x0000003e   Code   RO           58    .text.MX_I2C1_Init  i2c.o
    0x080018fa   0x080018fa   0x00000002   PAD
    0x080018fc   0x080018fc   0x00000048   Code   RO           73    .text.MX_SPI1_Init  spi.o
    0x08001944   0x08001944   0x00000038   Code   RO           88    .text.MX_USART1_UART_Init  usart.o
    0x0800197c   0x0800197c   0x00000002   Code   RO          107    .text.MemManage_Handler  stm32f4xx_it.o
    0x0800197e   0x0800197e   0x00000002   PAD
    0x08001980   0x08001980   0x00000002   Code   RO          103    .text.NMI_Handler   stm32f4xx_it.o
    0x08001982   0x08001982   0x00000002   PAD
    0x08001984   0x08001984   0x0000002c   Code   RO          531    .text.NVIC_EncodePriority  stm32f4xx_hal_cortex.o
    0x080019b0   0x080019b0   0x00000064   Code   RO         2101    .text.PendSV_Handler  port.o
    0x08001a14   0x08001a14   0x0000000c   PAD
    0x08001a20   0x08001a20   0x00000024   Code   RO         2085    .text.SVC_Handler   port.o
    0x08001a44   0x08001a44   0x00000008   Code   RO         1879    .text.SVC_Setup     cmsis_os2.o
    0x08001a4c   0x08001a4c   0x00000008   Code   RO           40    .text.StartATask    freertos.o
    0x08001a54   0x08001a54   0x00000008   Code   RO           42    .text.StartDTask    freertos.o
    0x08001a5c   0x08001a5c   0x0000001a   Code   RO         1869    .text.SysTick_Handler  cmsis_os2.o
    0x08001a76   0x08001a76   0x00000002   PAD
    0x08001a78   0x08001a78   0x000000a2   Code   RO           13    .text.SystemClock_Config  main.o
    0x08001b1a   0x08001b1a   0x00000002   PAD
    0x08001b1c   0x08001b1c   0x00000012   Code   RO          150    .text.SystemInit    system_stm32f4xx.o
    0x08001b2e   0x08001b2e   0x00000002   PAD
    0x08001b30   0x08001b30   0x00000010   Code   RO          117    .text.TIM7_IRQHandler  stm32f4xx_it.o
    0x08001b40   0x08001b40   0x00000124   Code   RO          977    .text.TIM_Base_SetConfig  stm32f4xx_hal_tim.o
    0x08001c64   0x08001c64   0x000000dc   Code   RO         1315    .text.UART_SetConfig  stm32f4xx_hal_uart.o
    0x08001d40   0x08001d40   0x00000064   Code   RO         1329    .text.UART_WaitOnFlagUntilTimeout  stm32f4xx_hal_uart.o
    0x08001da4   0x08001da4   0x00000002   Code   RO          111    .text.UsageFault_Handler  stm32f4xx_it.o
    0x08001da6   0x08001da6   0x00000002   PAD
    0x08001da8   0x08001da8   0x00000020   Code   RO          535    .text.__NVIC_EnableIRQ  stm32f4xx_hal_cortex.o
    0x08001dc8   0x08001dc8   0x00000010   Code   RO          527    .text.__NVIC_GetPriorityGrouping  stm32f4xx_hal_cortex.o
    0x08001dd8   0x08001dd8   0x00000022   Code   RO          529    .text.__NVIC_SetPriority  stm32f4xx_hal_cortex.o
    0x08001dfa   0x08001dfa   0x00000002   PAD
    0x08001dfc   0x08001dfc   0x0000000e   Code   RO         2033    .text.__NVIC_SetPriority  cmsis_os2.o
    0x08001e0a   0x08001e0a   0x00000002   PAD
    0x08001e0c   0x08001e0c   0x00000020   Code   RO          523    .text.__NVIC_SetPriorityGrouping  stm32f4xx_hal_cortex.o
    0x08001e2c   0x08001e2c   0x00000080   Code   RO           11    .text.main          main.o
    0x08001eac   0x08001eac   0x00000020   Code   RO         1937    .text.osDelay       cmsis_os2.o
    0x08001ecc   0x08001ecc   0x00000028   Code   RO         1871    .text.osKernelInitialize  cmsis_os2.o
    0x08001ef4   0x08001ef4   0x00000034   Code   RO         1877    .text.osKernelStart  cmsis_os2.o
    0x08001f28   0x08001f28   0x000000c4   Code   RO         1977    .text.osSemaphoreNew  cmsis_os2.o
    0x08001fec   0x08001fec   0x000000b4   Code   RO         1901    .text.osThreadNew   cmsis_os2.o
    0x080020a0   0x080020a0   0x00000080   Code   RO         1663    .text.prvAddCurrentTaskToDelayedList  tasks.o
    0x08002120   0x08002120   0x000000ac   Code   RO         1649    .text.prvAddNewTaskToReadyList  tasks.o
    0x080021cc   0x080021cc   0x0000007c   Code   RO         1800    .text.prvCheckForValidListAndQueue  timers.o
    0x08002248   0x08002248   0x0000004e   Code   RO         1767    .text.prvCheckTasksWaitingTermination  tasks.o
    0x08002296   0x08002296   0x00000002   PAD
    0x08002298   0x08002298   0x00000026   Code   RO         1540    .text.prvCopyDataFromQueue  queue.o
    0x080022be   0x080022be   0x00000002   PAD
    0x080022c0   0x080022c0   0x0000007a   Code   RO         1528    .text.prvCopyDataToQueue  queue.o
    0x0800233a   0x0800233a   0x00000002   PAD
    0x0800233c   0x0800233c   0x00000036   Code   RO         1655    .text.prvDeleteTCB  tasks.o
    0x08002372   0x08002372   0x00000002   PAD
    0x08002374   0x08002374   0x00000020   Code   RO         1838    .text.prvGetNextExpireTime  timers.o
    0x08002394   0x08002394   0x00000076   Code   RO         2051    .text.prvHeapInit   heap_4.o
    0x0800240a   0x0800240a   0x00000002   PAD
    0x0800240c   0x0800240c   0x0000002a   Code   RO         1689    .text.prvIdleTask   tasks.o
    0x08002436   0x08002436   0x00000002   PAD
    0x08002438   0x08002438   0x00000020   Code   RO         1502    .text.prvInitialiseNewQueue  queue.o
    0x08002458   0x08002458   0x00000098   Code   RO         1647    .text.prvInitialiseNewTask  tasks.o
    0x080024f0   0x080024f0   0x00000070   Code   RO         1765    .text.prvInitialiseTaskLists  tasks.o
    0x08002560   0x08002560   0x0000005a   Code   RO         2053    .text.prvInsertBlockIntoFreeList  heap_4.o
    0x080025ba   0x080025ba   0x00000002   PAD
    0x080025bc   0x080025bc   0x00000040   Code   RO         1850    .text.prvInsertTimerInActiveList  timers.o
    0x080025fc   0x080025fc   0x00000018   Code   RO         1542    .text.prvIsQueueEmpty  queue.o
    0x08002614   0x08002614   0x0000001c   Code   RO         1530    .text.prvIsQueueFull  queue.o
    0x08002630   0x08002630   0x00000028   Code   RO         2093    .text.prvPortStartFirstTask  port.o
    0x08002658   0x08002658   0x0000006e   Code   RO         1846    .text.prvProcessExpiredTimer  timers.o
    0x080026c6   0x080026c6   0x00000002   PAD
    0x080026c8   0x080026c8   0x00000122   Code   RO         1842    .text.prvProcessReceivedCommands  timers.o
    0x080027ea   0x080027ea   0x00000002   PAD
    0x080027ec   0x080027ec   0x00000080   Code   RO         1840    .text.prvProcessTimerOrBlockTask  timers.o
    0x0800286c   0x0800286c   0x00000028   Code   RO         1657    .text.prvResetNextTaskUnblockTime  tasks.o
    0x08002894   0x08002894   0x0000002a   Code   RO         1844    .text.prvSampleTimeNow  timers.o
    0x080028be   0x080028be   0x00000002   PAD
    0x080028c0   0x080028c0   0x0000008e   Code   RO         1848    .text.prvSwitchTimerLists  timers.o
    0x0800294e   0x0800294e   0x00000002   PAD
    0x08002950   0x08002950   0x00000032   Code   RO         2083    .text.prvTaskExitError  port.o
    0x08002982   0x08002982   0x00000002   PAD
    0x08002984   0x08002984   0x00000016   Code   RO         1802    .text.prvTimerTask  timers.o
    0x0800299a   0x0800299a   0x00000002   PAD
    0x0800299c   0x0800299c   0x00000072   Code   RO         1532    .text.prvUnlockQueue  queue.o
    0x08002a0e   0x08002a0e   0x00000002   PAD
    0x08002a10   0x08002a10   0x0000014a   Code   RO         2049    .text.pvPortMalloc  heap_4.o
    0x08002b5a   0x08002b5a   0x00000002   PAD
    0x08002b5c   0x08002b5c   0x00000028   Code   RO         2081    .text.pxPortInitialiseStack  port.o
    0x08002b84   0x08002b84   0x00000024   Code   RO         1488    .text.uxListRemove  list.o
    0x08002ba8   0x08002ba8   0x0000001a   Code   RO         2029    .text.vApplicationGetIdleTaskMemory  cmsis_os2.o
    0x08002bc2   0x08002bc2   0x00000002   PAD
    0x08002bc4   0x08002bc4   0x0000001c   Code   RO         2031    .text.vApplicationGetTimerTaskMemory  cmsis_os2.o
    0x08002be0   0x08002be0   0x00000016   Code   RO         1480    .text.vListInitialise  list.o
    0x08002bf6   0x08002bf6   0x00000002   PAD
    0x08002bf8   0x08002bf8   0x00000006   Code   RO         1482    .text.vListInitialiseItem  list.o
    0x08002bfe   0x08002bfe   0x00000002   PAD
    0x08002c00   0x08002c00   0x0000003a   Code   RO         1486    .text.vListInsert   list.o
    0x08002c3a   0x08002c3a   0x00000002   PAD
    0x08002c3c   0x08002c3c   0x0000001c   Code   RO         1484    .text.vListInsertEnd  list.o
    0x08002c58   0x08002c58   0x00000014   Code   RO         2091    .text.vPortEnableVFP  port.o
    0x08002c6c   0x08002c6c   0x00000046   Code   RO         2097    .text.vPortEnterCritical  port.o
    0x08002cb2   0x08002cb2   0x00000002   PAD
    0x08002cb4   0x08002cb4   0x0000002e   Code   RO         2099    .text.vPortExitCritical  port.o
    0x08002ce2   0x08002ce2   0x00000002   PAD
    0x08002ce4   0x08002ce4   0x0000008a   Code   RO         2055    .text.vPortFree     heap_4.o
    0x08002d6e   0x08002d6e   0x00000002   PAD
    0x08002d70   0x08002d70   0x00000034   Code   RO         2089    .text.vPortSetupTimerInterrupt  port.o
    0x08002da4   0x08002da4   0x00000062   Code   RO         2105    .text.vPortValidateInterruptPriority  port.o
    0x08002e06   0x08002e06   0x00000002   PAD
    0x08002e08   0x08002e08   0x00000028   Code   RO         1572    .text.vQueueAddToRegistry  queue.o
    0x08002e30   0x08002e30   0x0000002e   Code   RO         1558    .text.vQueueDelete  queue.o
    0x08002e5e   0x08002e5e   0x00000002   PAD
    0x08002e60   0x08002e60   0x0000002a   Code   RO         1560    .text.vQueueUnregisterQueue  queue.o
    0x08002e8a   0x08002e8a   0x00000002   PAD
    0x08002e8c   0x08002e8c   0x00000044   Code   RO         1576    .text.vQueueWaitForMessageRestricted  queue.o
    0x08002ed0   0x08002ed0   0x00000054   Code   RO         1667    .text.vTaskDelay    tasks.o
    0x08002f24   0x08002f24   0x0000001a   Code   RO         1721    .text.vTaskInternalSetTimeOutState  tasks.o
    0x08002f3e   0x08002f3e   0x00000002   PAD
    0x08002f40   0x08002f40   0x0000000e   Code   RO         1725    .text.vTaskMissedYield  tasks.o
    0x08002f4e   0x08002f4e   0x00000002   PAD
    0x08002f50   0x08002f50   0x00000032   Code   RO         1709    .text.vTaskPlaceOnEventList  tasks.o
    0x08002f82   0x08002f82   0x00000002   PAD
    0x08002f84   0x08002f84   0x0000003e   Code   RO         1713    .text.vTaskPlaceOnEventListRestricted  tasks.o
    0x08002fc2   0x08002fc2   0x00000002   PAD
    0x08002fc4   0x08002fc4   0x000000a4   Code   RO         1687    .text.vTaskStartScheduler  tasks.o
    0x08003068   0x08003068   0x00000010   Code   RO         1661    .text.vTaskSuspendAll  tasks.o
    0x08003078   0x08003078   0x0000009a   Code   RO         1679    .text.vTaskSwitchContext  tasks.o
    0x08003112   0x08003112   0x00000002   PAD
    0x08003114   0x08003114   0x00000112   Code   RO         2087    .text.xPortStartScheduler  port.o
    0x08003226   0x08003226   0x00000002   PAD
    0x08003228   0x08003228   0x0000002e   Code   RO         2103    .text.xPortSysTickHandler  port.o
    0x08003256   0x08003256   0x00000002   PAD
    0x08003258   0x08003258   0x00000042   Code   RO         1526    .text.xQueueCreateCountingSemaphore  queue.o
    0x0800329a   0x0800329a   0x00000002   PAD
    0x0800329c   0x0800329c   0x0000004e   Code   RO         1524    .text.xQueueCreateCountingSemaphoreStatic  queue.o
    0x080032ea   0x080032ea   0x00000002   PAD
    0x080032ec   0x080032ec   0x00000046   Code   RO         1504    .text.xQueueGenericCreate  queue.o
    0x08003332   0x08003332   0x00000002   PAD
    0x08003334   0x08003334   0x00000096   Code   RO         1500    .text.xQueueGenericCreateStatic  queue.o
    0x080033ca   0x080033ca   0x00000002   PAD
    0x080033cc   0x080033cc   0x0000007e   Code   RO         1498    .text.xQueueGenericReset  queue.o
    0x0800344a   0x0800344a   0x00000002   PAD
    0x0800344c   0x0800344c   0x000001a2   Code   RO         1518    .text.xQueueGenericSend  queue.o
    0x080035ee   0x080035ee   0x00000002   PAD
    0x080035f0   0x080035f0   0x000000ce   Code   RO         1534    .text.xQueueGenericSendFromISR  queue.o
    0x080036be   0x080036be   0x00000002   PAD
    0x080036c0   0x080036c0   0x00000184   Code   RO         1538    .text.xQueueReceive  queue.o
    0x08003844   0x08003844   0x00000088   Code   RO         1723    .text.xTaskCheckForTimeOut  tasks.o
    0x080038cc   0x080038cc   0x00000066   Code   RO         1651    .text.xTaskCreate   tasks.o
    0x08003932   0x08003932   0x00000002   PAD
    0x08003934   0x08003934   0x00000076   Code   RO         1645    .text.xTaskCreateStatic  tasks.o
    0x080039aa   0x080039aa   0x00000002   PAD
    0x080039ac   0x080039ac   0x00000026   Code   RO         1739    .text.xTaskGetSchedulerState  tasks.o
    0x080039d2   0x080039d2   0x00000002   PAD
    0x080039d4   0x080039d4   0x0000000c   Code   RO         1695    .text.xTaskGetTickCount  tasks.o
    0x080039e0   0x080039e0   0x00000152   Code   RO         1693    .text.xTaskIncrementTick  tasks.o
    0x08003b32   0x08003b32   0x00000002   PAD
    0x08003b34   0x08003b34   0x00000092   Code   RO         1743    .text.xTaskPriorityDisinherit  tasks.o
    0x08003bc6   0x08003bc6   0x00000002   PAD
    0x08003bc8   0x08003bc8   0x0000008e   Code   RO         1715    .text.xTaskRemoveFromEventList  tasks.o
    0x08003c56   0x08003c56   0x00000002   PAD
    0x08003c58   0x08003c58   0x00000114   Code   RO         1665    .text.xTaskResumeAll  tasks.o
    0x08003d6c   0x08003d6c   0x00000074   Code   RO         1798    .text.xTimerCreateTimerTask  timers.o
    0x08003de0   0x08003de0   0x00000068   Code   RO         1810    .text.xTimerGenericCommand  timers.o
    0x08003e48   0x08003e48   0x0000001a   Code   RO         2285    x$fpl$fpinit        fz_wm.l(fpinit.o)
    0x08003e62   0x08003e62   0x00000010   Data   RO          155    .rodata.AHBPrescTable  system_stm32f4xx.o
    0x08003e72   0x08003e72   0x00000008   Data   RO          156    .rodata.APBPrescTable  system_stm32f4xx.o
    0x08003e7a   0x08003e7a   0x00000002   PAD
    0x08003e7c   0x08003e7c   0x00000024   Data   RO           45    .rodata.aTask_attributes  freertos.o
    0x08003ea0   0x08003ea0   0x00000024   Data   RO           46    .rodata.dTask_attributes  freertos.o
    0x08003ec4   0x08003ec4   0x0000000f   Data   RO           44    .rodata.str1.1      freertos.o
    0x08003ed3   0x08003ed3   0x00000001   PAD
    0x08003ed4   0x08003ed4   0x00000010   Data   RO           47    .rodata.xx_attributes  freertos.o
    0x08003ee4   0x08003ee4   0x00000020   Data   RO         2346    Region$$Table       anon$$obj.o


    Execution Region RW_IRAM2 (Exec base: 0x10000000, Load base: 0x08003f18, Size: 0x00000000, Max: 0x00010000, ABSOLUTE)

    **** No section assigned to this execution region ****


    Execution Region RW_IRAM1 (Exec base: 0x20000000, Load base: 0x08003f08, Size: 0x00005808, Max: 0x00020000, ABSOLUTE)

    Exec Addr    Load Addr    Size         Type   Attr      Idx    E Section Name        Object

    0x20000000   0x08003f08   0x00000004   Data   RW          154    .data.SystemCoreClock  system_stm32f4xx.o
    0x20000004   0x08003f0c   0x00000001   Data   RW          648    .data.uwTickFreq    stm32f4xx_hal.o
    0x20000005   0x08003f0d   0x00000003   PAD
    0x20000008   0x08003f10   0x00000004   Data   RW          647    .data.uwTickPrio    stm32f4xx_hal.o
    0x2000000c   0x08003f14   0x00000004   Data   RW         2109    .data.uxCriticalNesting  port.o
    0x20000010        -       0x00000060   Zero   RW         2213    .bss                c_w.l(libspace.o)
    0x20000070        -       0x00000004   Zero   RW         2035    .bss.KernelState    cmsis_os2.o
    0x20000074        -       0x00000004   Zero   RW           49    .bss.aTaskHandle    freertos.o
    0x20000078        -       0x00000004   Zero   RW           50    .bss.dTaskHandle    freertos.o
    0x2000007c        -       0x00000054   Zero   RW           64    .bss.hi2c1          i2c.o
    0x200000d0        -       0x00000058   Zero   RW           79    .bss.hspi1          spi.o
    0x20000128        -       0x00000048   Zero   RW          141    .bss.htim7          stm32f4xx_hal_timebase_tim.o
    0x20000170        -       0x00000044   Zero   RW           94    .bss.huart1         usart.o
    0x200001b4        -       0x000000a0   Zero   RW         1860    .bss.prvCheckForValidListAndQueue.ucStaticTimerQueueStorage  timers.o
    0x20000254        -       0x00000050   Zero   RW         1859    .bss.prvCheckForValidListAndQueue.xStaticTimerQueue  timers.o
    0x200002a4        -       0x00000004   Zero   RW         1856    .bss.prvSampleTimeNow.xLastTime  timers.o
    0x200002a8        -       0x00000004   Zero   RW         1769    .bss.pxCurrentTCB   tasks.o
    0x200002ac        -       0x00000004   Zero   RW         1854    .bss.pxCurrentTimerList  timers.o
    0x200002b0        -       0x00000004   Zero   RW         1777    .bss.pxDelayedTaskList  tasks.o
    0x200002b4        -       0x00000004   Zero   RW         2065    .bss.pxEnd          heap_4.o
    0x200002b8        -       0x00000004   Zero   RW         1778    .bss.pxOverflowDelayedTaskList  tasks.o
    0x200002bc        -       0x00000004   Zero   RW         1855    .bss.pxOverflowTimerList  timers.o
    0x200002c0        -       0x00000460   Zero   RW         1780    .bss.pxReadyTasksLists  tasks.o
    0x20000720        -       0x00000100   Zero   RW           19    .bss.u_buf          main.o
    0x20000820        -       0x00003c00   Zero   RW         2072    .bss.ucHeap         heap_4.o
    0x20004420        -       0x00000001   Zero   RW         2107    .bss.ucMaxSysCallPriority  port.o
    0x20004421   0x08003f18   0x00000003   PAD
    0x20004424        -       0x00000004   Zero   RW         2108    .bss.ulMaxPRIGROUPValue  port.o
    0x20004428        -       0x00000004   Zero   RW          649    .bss.uwTick         stm32f4xx_hal.o
    0x2000442c        -       0x00000004   Zero   RW         1773    .bss.uxCurrentNumberOfTasks  tasks.o
    0x20004430        -       0x00000004   Zero   RW         1772    .bss.uxDeletedTasksWaitingCleanUp  tasks.o
    0x20004434        -       0x00000004   Zero   RW         1775    .bss.uxSchedulerSuspended  tasks.o
    0x20004438        -       0x00000004   Zero   RW         1770    .bss.uxTaskNumber   tasks.o
    0x2000443c        -       0x00000004   Zero   RW         1781    .bss.uxTopReadyPriority  tasks.o
    0x20004440        -       0x00000200   Zero   RW         2038    .bss.vApplicationGetIdleTaskMemory.Idle_Stack  cmsis_os2.o
    0x20004640        -       0x0000005c   Zero   RW         2037    .bss.vApplicationGetIdleTaskMemory.Idle_TCB  cmsis_os2.o
    0x2000469c        -       0x00000400   Zero   RW         2040    .bss.vApplicationGetTimerTaskMemory.Timer_Stack  cmsis_os2.o
    0x20004a9c        -       0x0000005c   Zero   RW         2039    .bss.vApplicationGetTimerTaskMemory.Timer_TCB  cmsis_os2.o
    0x20004af8        -       0x00000014   Zero   RW         1857    .bss.xActiveTimerList1  timers.o
    0x20004b0c        -       0x00000014   Zero   RW         1858    .bss.xActiveTimerList2  timers.o
    0x20004b20        -       0x00000001   Zero   RW         2066    .bss.xBlockAllocatedBit  heap_4.o
    0x20004b21   0x08003f18   0x00000003   PAD
    0x20004b24        -       0x00000014   Zero   RW         1788    .bss.xDelayedTaskList1  tasks.o
    0x20004b38        -       0x00000014   Zero   RW         1789    .bss.xDelayedTaskList2  tasks.o
    0x20004b4c        -       0x00000004   Zero   RW         2067    .bss.xFreeBytesRemaining  heap_4.o
    0x20004b50        -       0x00000004   Zero   RW         1783    .bss.xIdleTaskHandle  tasks.o
    0x20004b54        -       0x00000004   Zero   RW         2069    .bss.xMinimumEverFreeBytesRemaining  heap_4.o
    0x20004b58        -       0x00000004   Zero   RW         1784    .bss.xNextTaskUnblockTime  tasks.o
    0x20004b5c        -       0x00000004   Zero   RW         1787    .bss.xNumOfOverflows  tasks.o
    0x20004b60        -       0x00000004   Zero   RW         2070    .bss.xNumberOfSuccessfulAllocations  heap_4.o
    0x20004b64        -       0x00000004   Zero   RW         2071    .bss.xNumberOfSuccessfulFrees  heap_4.o
    0x20004b68        -       0x00000004   Zero   RW         1786    .bss.xPendedTicks   tasks.o
    0x20004b6c        -       0x00000014   Zero   RW         1782    .bss.xPendingReadyList  tasks.o
    0x20004b80        -       0x00000040   Zero   RW         1578    .bss.xQueueRegistry  queue.o
    0x20004bc0        -       0x00000004   Zero   RW         1774    .bss.xSchedulerRunning  tasks.o
    0x20004bc4        -       0x00000008   Zero   RW         2068    .bss.xStart         heap_4.o
    0x20004bcc        -       0x00000014   Zero   RW         1779    .bss.xSuspendedTaskList  tasks.o
    0x20004be0        -       0x00000014   Zero   RW         1771    .bss.xTasksWaitingTermination  tasks.o
    0x20004bf4        -       0x00000004   Zero   RW         1776    .bss.xTickCount     tasks.o
    0x20004bf8        -       0x00000004   Zero   RW         1852    .bss.xTimerQueue    timers.o
    0x20004bfc        -       0x00000004   Zero   RW         1853    .bss.xTimerTaskHandle  timers.o
    0x20004c00        -       0x00000004   Zero   RW         1785    .bss.xYieldPending  tasks.o
    0x20004c04        -       0x00000004   Zero   RW           48    .bss.xxHandle       freertos.o
    0x20004c08        -       0x00000600   Zero   RW            2    HEAP                startup_stm32f407xx.o
    0x20005208        -       0x00000600   Zero   RW            1    STACK               startup_stm32f407xx.o


==============================================================================

Image component sizes


      Code (inc. data)   RO Data    RW Data    ZI Data      Debug   Object Name

       602          0          0          0       1724      42621   cmsis_os2.o
       110          0        103          0         12       2897   freertos.o
       164          0          0          0          0       3964   gpio.o
       676          0          0          0      15389       4730   heap_4.o
       178          0          0          0         84       5112   i2c.o
       150          0          0          0          0       2209   list.o
       322         28          0          0        256       5742   main.o
       872         16          0          4          5       3818   port.o
      2056          0          0          0         64      22603   queue.o
       186          0          0          0         88       4916   spi.o
        64         26        392          0       3072        832   startup_stm32f407xx.o
       132          0          0          5          4       7301   stm32f4xx_hal.o
       204          0          0          0          0      10675   stm32f4xx_hal_cortex.o
       444          0          0          0          0       5173   stm32f4xx_hal_gpio.o
       408          0          0          0          0      39160   stm32f4xx_hal_i2c.o
        70          0          0          0          0       3345   stm32f4xx_hal_msp.o
      1440          0          0          0          0       7299   stm32f4xx_hal_rcc.o
       180          0          0          0          0      21642   stm32f4xx_hal_spi.o
       922          0          0          0          0      42867   stm32f4xx_hal_tim.o
         4          0          0          0          0      18078   stm32f4xx_hal_tim_ex.o
       142          0          0          0         72       7083   stm32f4xx_hal_timebase_tim.o
       618          0          0          0          0      20754   stm32f4xx_hal_uart.o
        38          0          0          0          0       1090   stm32f4xx_it.o
        18          0         24          4          0       2600   system_stm32f4xx.o
      2656          8          0          0       1280      29928   tasks.o
      1174         26          0          0        300      14821   timers.o
       172          0          0          0         68       4854   usart.o

    ----------------------------------------------------------------------
     14184        116        554         16      22424     336114   Object Totals
         0          0         32          0          0          0   (incl. Generated)
       182         12          3          3          6          0   (incl. Padding)

    ----------------------------------------------------------------------

      Code (inc. data)   RO Data    RW Data    ZI Data      Debug   Library Member Name

        44          6          0          0          0         84   __2sprintf.o
         8          0          0          0          0         68   __main.o
       104          0          0          0          0         84   __printf.o
         0          0          0          0          0          0   __rtentry.o
        12          0          0          0          0          0   __rtentry2.o
         6          0          0          0          0          0   __rtentry4.o
        52          8          0          0          0          0   __scatter.o
        26          0          0          0          0          0   __scatter_copy.o
        28          0          0          0          0          0   __scatter_zi.o
        48          6          0          0          0         96   _printf_char_common.o
         6          0          0          0          0          0   _printf_d.o
       120         16          0          0          0         92   _printf_dec.o
       178          0          0          0          0         88   _printf_intcommon.o
         0          0          0          0          0          0   _printf_percent.o
         4          0          0          0          0          0   _printf_percent_end.o
        10          0          0          0          0         68   _sputc.o
        16          0          0          0          0         68   aeabi_memset4.o
        18          0          0          0          0         80   exit.o
         6          0          0          0          0        152   heapauxi.o
         0          0          0          0          0          0   indicate_semi.o
         2          0          0          0          0          0   libinit.o
         6          0          0          0          0          0   libinit2.o
         2          0          0          0          0          0   libshutdown.o
         2          0          0          0          0          0   libshutdown2.o
         8          4          0          0         96         68   libspace.o
       240          0          0          0          0        100   lludivv7m.o
        78          0          0          0          0         80   rt_memclr_w.o
       138          0          0          0          0         68   rt_memcpy_v6.o
       100          0          0          0          0         80   rt_memcpy_w.o
         2          0          0          0          0          0   rtexit.o
        10          0          0          0          0          0   rtexit2.o
        12          4          0          0          0         68   sys_exit.o
        74          0          0          0          0         80   sys_stackheap_outer.o
         2          0          0          0          0         68   use_no_semi.o
        26          0          0          0          0        116   fpinit.o

    ----------------------------------------------------------------------
      1394         44          0          0         96       1608   Library Totals
         6          0          0          0          0          0   (incl. Padding)

    ----------------------------------------------------------------------

      Code (inc. data)   RO Data    RW Data    ZI Data      Debug   Library Name

      1362         44          0          0         96       1492   c_w.l
        26          0          0          0          0        116   fz_wm.l

    ----------------------------------------------------------------------
      1394         44          0          0         96       1608   Library Totals

    ----------------------------------------------------------------------

==============================================================================


      Code (inc. data)   RO Data    RW Data    ZI Data      Debug   

     15578        160        554         16      22520     336594   Grand Totals
     15578        160        554         16      22520     336594   ELF Image Totals
     15578        160        554         16          0          0   ROM Totals

==============================================================================

    Total RO  Size (Code + RO Data)                16132 (  15.75kB)
    Total RW  Size (RW Data + ZI Data)             22536 (  22.01kB)
    Total ROM Size (Code + RO Data + RW Data)      16148 (  15.77kB)

==============================================================================

